// Jest Snapshot v1, https://goo.gl/fbAQLP

exports[`Storyshots UI/Alert Variants 1`] = `
.emotion-0 {
  display: -webkit-box;
  display: -webkit-flex;
  display: -ms-flexbox;
  display: flex;
  -webkit-flex-direction: column;
  -ms-flex-direction: column;
  flex-direction: column;
}

.emotion-0>*:not(style)~*:not(style) {
  margin-top: var(--chakra-space-5);
  -webkit-margin-end: 0px;
  margin-inline-end: 0px;
  margin-bottom: 0px;
  -webkit-margin-start: 0px;
  margin-inline-start: 0px;
}

.emotion-1 {
  width: 400px;
  display: -webkit-box;
  display: -webkit-flex;
  display: -ms-flexbox;
  display: flex;
  -webkit-align-items: center;
  -webkit-box-align: center;
  -ms-flex-align: center;
  align-items: center;
  position: relative;
  overflow: hidden;
  background: var(--alert-bg);
  -webkit-padding-start: var(--chakra-space-4);
  padding-inline-start: var(--chakra-space-4);
  -webkit-padding-end: var(--chakra-space-4);
  padding-inline-end: var(--chakra-space-4);
  padding-top: var(--chakra-space-3);
  padding-bottom: var(--chakra-space-3);
  height: none;
  border: 1px solid;
  border-radius: 6px;
  border-color: var(--chakra-colors-brand-accentRed);
  gap: 14px;
  padding: 18px;
  box-shadow: 0px 0px 10px rgba(0, 0, 0, 0.1);
}

.emotion-2 {
  color: var(--chakra-colors-brand-red500);
}

.emotion-3 {
  display: inline;
  line-height: 120%;
  color: var(--chakra-colors-brand-gray700);
  font-weight: 400;
  font-size: 16px;
}

.emotion-4 {
  outline: 2px solid transparent;
  outline-offset: 2px;
  display: -webkit-box;
  display: -webkit-flex;
  display: -ms-flexbox;
  display: flex;
  -webkit-align-items: center;
  -webkit-box-align: center;
  -ms-flex-align: center;
  align-items: center;
  -webkit-box-pack: center;
  -ms-flex-pack: center;
  -webkit-justify-content: center;
  justify-content: center;
  -webkit-flex-shrink: 0;
  -ms-flex-negative: 0;
  flex-shrink: 0;
  width: 19px;
  height: 19px;
  border-radius: var(--chakra-radii-md);
  transition-property: var(--chakra-transition-property-common);
  transition-duration: var(--chakra-transition-duration-normal);
  --close-button-size: var(--chakra-sizes-8);
  font-size: var(--chakra-fontSizes-xs);
  margin-left: auto;
}

.emotion-4:disabled,
.emotion-4[disabled],
.emotion-4[aria-disabled=true],
.emotion-4[data-disabled] {
  opacity: 0.4;
  cursor: not-allowed;
  box-shadow: var(--chakra-shadows-none);
}

.emotion-4:hover,
.emotion-4[data-hover] {
  background: var(--chakra-colors-blackAlpha-100);
}

.emotion-4:active,
.emotion-4[data-active] {
  background: var(--chakra-colors-blackAlpha-200);
}

.emotion-4:focus-visible,
.emotion-4[data-focus-visible] {
  box-shadow: var(--chakra-shadows-outline);
}

.emotion-5 {
  width: 400px;
  display: -webkit-box;
  display: -webkit-flex;
  display: -ms-flexbox;
  display: flex;
  -webkit-align-items: center;
  -webkit-box-align: center;
  -ms-flex-align: center;
  align-items: center;
  position: relative;
  overflow: hidden;
  background: var(--alert-bg);
  -webkit-padding-start: var(--chakra-space-4);
  padding-inline-start: var(--chakra-space-4);
  -webkit-padding-end: var(--chakra-space-4);
  padding-inline-end: var(--chakra-space-4);
  padding-top: var(--chakra-space-3);
  padding-bottom: var(--chakra-space-3);
  height: none;
  border: 1px solid;
  border-radius: 6px;
  border-color: var(--chakra-colors-brand-stroke);
  gap: 14px;
  padding: 18px;
  box-shadow: 0px 0px 10px rgba(0, 0, 0, 0.1);
}

.emotion-6 {
  color: var(--chakra-colors-brand-accentGreen);
}

<div>
  <div
    class="chakra-stack emotion-0"
  >
    <div
      class="chakra-alert emotion-1"
      role="alert"
    >
      <div
        class="emotion-2"
      >
        <svg
          fill="currentColor"
          height="20px"
          stroke="currentColor"
          stroke-width="0"
          viewBox="0 0 24 24"
          width="20px"
          xmlns="http://www.w3.org/2000/svg"
        >
          <path
            d="M11 15h2v2h-2v-2zm0-8h2v6h-2V7zm.99-5C6.47 2 2 6.48 2 12s4.47 10 9.99 10C17.52 22 22 17.52 22 12S17.52 2 11.99 2zM12 20c-4.42 0-8-3.58-8-8s3.58-8 8-8 8 3.58 8 8-3.58 8-8 8z"
          />
        </svg>
      </div>
      <div
        class="chakra-alert__desc emotion-3"
      >
        This is a description
      </div>
      <button
        aria-label="Close"
        class="emotion-4"
        type="button"
      >
        <svg
          color="#646271"
          fill="currentColor"
          height="19px"
          stroke="currentColor"
          stroke-width="0"
          style="color: rgb(100, 98, 113);"
          viewBox="0 0 24 24"
          width="19px"
          xmlns="http://www.w3.org/2000/svg"
        >
          <path
            d="M0 0h24v24H0z"
            fill="none"
          />
          <path
            d="M19 6.41L17.59 5 12 10.59 6.41 5 5 6.41 10.59 12 5 17.59 6.41 19 12 13.41 17.59 19 19 17.59 13.41 12z"
          />
        </svg>
      </button>
    </div>
    <div
      class="chakra-alert emotion-5"
      role="alert"
    >
      <div
        class="emotion-6"
      >
        <svg
          fill="currentColor"
          height="20px"
          stroke="currentColor"
          stroke-width="0"
          viewBox="0 0 24 24"
          width="20px"
          xmlns="http://www.w3.org/2000/svg"
        >
          <path
            d="M0 0h24v24H0V0z"
            fill="none"
          />
          <path
            d="M12 2C6.48 2 2 6.48 2 12s4.48 10 10 10 10-4.48 10-10S17.52 2 12 2zm0 18c-4.41 0-8-3.59-8-8s3.59-8 8-8 8 3.59 8 8-3.59 8-8 8zm4.59-12.42L10 14.17l-2.59-2.58L6 13l4 4 8-8z"
          />
        </svg>
      </div>
      <div
        class="chakra-alert__desc emotion-3"
      >
        This is a description
      </div>
      <button
        aria-label="Close"
        class="emotion-4"
        type="button"
      >
        <svg
          color="#646271"
          fill="currentColor"
          height="19px"
          stroke="currentColor"
          stroke-width="0"
          style="color: rgb(100, 98, 113);"
          viewBox="0 0 24 24"
          width="19px"
          xmlns="http://www.w3.org/2000/svg"
        >
          <path
            d="M0 0h24v24H0z"
            fill="none"
          />
          <path
            d="M19 6.41L17.59 5 12 10.59 6.41 5 5 6.41 10.59 12 5 17.59 6.41 19 12 13.41 17.59 19 19 17.59 13.41 12z"
          />
        </svg>
      </button>
    </div>
  </div>
  <span
    hidden=""
    id="__chakra_env"
  />
</div>
`;
