// Jest Snapshot v1, https://goo.gl/fbAQLP

exports[`Storyshots UI/Avatar Variants 1`] = `
.emotion-0 {
  display: -webkit-box;
  display: -webkit-flex;
  display: -ms-flexbox;
  display: flex;
  -webkit-flex-direction: column;
  -ms-flex-direction: column;
  flex-direction: column;
}

.emotion-2 {
  border-radius: var(--chakra-radii-full);
  display: -webkit-inline-box;
  display: -webkit-inline-flex;
  display: -ms-inline-flexbox;
  display: inline-flex;
  -webkit-align-items: center;
  -webkit-box-align: center;
  -ms-flex-align: center;
  align-items: center;
  -webkit-box-pack: center;
  -ms-flex-pack: center;
  -webkit-justify-content: center;
  justify-content: center;
  text-align: center;
  text-transform: uppercase;
  font-weight: var(--chakra-fontWeights-medium);
  position: relative;
  -webkit-flex-shrink: 0;
  -ms-flex-negative: 0;
  flex-shrink: 0;
  background: var(--chakra-colors-brand-stroke);
  color: var(--chakra-colors-white);
  --avatar-border-color: var(--chakra-colors-white);
  border-color: var(--avatar-border-color);
  vertical-align: top;
  width: 32px;
  height: 32px;
  font-size: calc(3rem / 2.5);
  border-weight: 3px;
  border: 3px solid var(--chakra-colors-brand-accentGreen);
}

.emotion-2:not([data-loaded]) {
  --avatar-background: var(--chakra-colors-gray-400);
}

.chakra-ui-dark .emotion-2:not([data-theme]),
[data-theme=dark] .emotion-2:not([data-theme]),
.emotion-2[data-theme=dark] {
  --avatar-border-color: var(--chakra-colors-gray-800);
}

.emotion-3 {
  color: #fff;
  width: 100%;
  height: 100%;
}

.emotion-4 {
  border-radius: var(--chakra-radii-full);
  display: -webkit-inline-box;
  display: -webkit-inline-flex;
  display: -ms-inline-flexbox;
  display: inline-flex;
  -webkit-align-items: center;
  -webkit-box-align: center;
  -ms-flex-align: center;
  align-items: center;
  -webkit-box-pack: center;
  -ms-flex-pack: center;
  -webkit-justify-content: center;
  justify-content: center;
  text-align: center;
  text-transform: uppercase;
  font-weight: var(--chakra-fontWeights-medium);
  position: relative;
  -webkit-flex-shrink: 0;
  -ms-flex-negative: 0;
  flex-shrink: 0;
  background: var(--chakra-colors-brand-stroke);
  color: var(--chakra-colors-gray-800);
  --avatar-border-color: var(--chakra-colors-white);
  border-color: var(--avatar-border-color);
  vertical-align: top;
  width: 32px;
  height: 32px;
  font-size: calc(3rem / 2.5);
  border-weight: 3px;
  border: 3px solid var(--chakra-colors-brand-accentGreen);
}

.emotion-4:not([data-loaded]) {
  --avatar-background: #a1be28;
}

.chakra-ui-dark .emotion-4:not([data-theme]),
[data-theme=dark] .emotion-4:not([data-theme]),
.emotion-4[data-theme=dark] {
  --avatar-border-color: var(--chakra-colors-gray-800);
}

.emotion-5 {
  font-size: calc(3rem / 2.5);
  line-height: 3rem;
}

.emotion-6 {
  border-radius: var(--chakra-radii-full);
  display: -webkit-inline-box;
  display: -webkit-inline-flex;
  display: -ms-inline-flexbox;
  display: inline-flex;
  -webkit-align-items: center;
  -webkit-box-align: center;
  -ms-flex-align: center;
  align-items: center;
  -webkit-box-pack: center;
  -ms-flex-pack: center;
  -webkit-justify-content: center;
  justify-content: center;
  text-align: center;
  text-transform: uppercase;
  font-weight: var(--chakra-fontWeights-medium);
  position: relative;
  -webkit-flex-shrink: 0;
  -ms-flex-negative: 0;
  flex-shrink: 0;
  background: var(--chakra-colors-brand-stroke);
  color: var(--chakra-colors-gray-800);
  --avatar-border-color: var(--chakra-colors-white);
  border-color: var(--avatar-border-color);
  vertical-align: top;
  width: 32px;
  height: 32px;
  font-size: calc(3rem / 2.5);
  border-weight: 3px;
  border: 3px solid var(--chakra-colors-brand-accentYellow);
}

.emotion-6:not([data-loaded]) {
  --avatar-background: #ab8353;
}

.chakra-ui-dark .emotion-6:not([data-theme]),
[data-theme=dark] .emotion-6:not([data-theme]),
.emotion-6[data-theme=dark] {
  --avatar-border-color: var(--chakra-colors-gray-800);
}

.emotion-8 {
  border-radius: var(--chakra-radii-full);
  display: -webkit-inline-box;
  display: -webkit-inline-flex;
  display: -ms-inline-flexbox;
  display: inline-flex;
  -webkit-align-items: center;
  -webkit-box-align: center;
  -ms-flex-align: center;
  align-items: center;
  -webkit-box-pack: center;
  -ms-flex-pack: center;
  -webkit-justify-content: center;
  justify-content: center;
  text-align: center;
  text-transform: uppercase;
  font-weight: var(--chakra-fontWeights-medium);
  position: relative;
  -webkit-flex-shrink: 0;
  -ms-flex-negative: 0;
  flex-shrink: 0;
  background: var(--chakra-colors-brand-stroke);
  color: var(--chakra-colors-gray-800);
  --avatar-border-color: var(--chakra-colors-white);
  border-color: var(--avatar-border-color);
  vertical-align: top;
  width: 32px;
  height: 32px;
  font-size: calc(3rem / 2.5);
  border-weight: 3px;
  border: 3px solid var(--chakra-colors-brand-accentYellow);
}

.emotion-8:not([data-loaded]) {
  --avatar-background: #a1be28;
}

.chakra-ui-dark .emotion-8:not([data-theme]),
[data-theme=dark] .emotion-8:not([data-theme]),
.emotion-8[data-theme=dark] {
  --avatar-border-color: var(--chakra-colors-gray-800);
}

.emotion-10 {
  border-radius: var(--chakra-radii-full);
  display: -webkit-inline-box;
  display: -webkit-inline-flex;
  display: -ms-inline-flexbox;
  display: inline-flex;
  -webkit-align-items: center;
  -webkit-box-align: center;
  -ms-flex-align: center;
  align-items: center;
  -webkit-box-pack: center;
  -ms-flex-pack: center;
  -webkit-justify-content: center;
  justify-content: center;
  text-align: center;
  text-transform: uppercase;
  font-weight: var(--chakra-fontWeights-medium);
  position: relative;
  -webkit-flex-shrink: 0;
  -ms-flex-negative: 0;
  flex-shrink: 0;
  background: var(--chakra-colors-brand-stroke);
  color: var(--chakra-colors-gray-800);
  --avatar-border-color: var(--chakra-colors-white);
  border-color: var(--avatar-border-color);
  vertical-align: top;
  width: 32px;
  height: 32px;
  font-size: calc(3rem / 2.5);
  border-weight: 3px;
  border: 3px solid var(--chakra-colors-brand-accentRed);
}

.emotion-10:not([data-loaded]) {
  --avatar-background: #ab8353;
}

.chakra-ui-dark .emotion-10:not([data-theme]),
[data-theme=dark] .emotion-10:not([data-theme]),
.emotion-10[data-theme=dark] {
  --avatar-border-color: var(--chakra-colors-gray-800);
}

.emotion-12 {
  border-radius: var(--chakra-radii-full);
  display: -webkit-inline-box;
  display: -webkit-inline-flex;
  display: -ms-inline-flexbox;
  display: inline-flex;
  -webkit-align-items: center;
  -webkit-box-align: center;
  -ms-flex-align: center;
  align-items: center;
  -webkit-box-pack: center;
  -ms-flex-pack: center;
  -webkit-justify-content: center;
  justify-content: center;
  text-align: center;
  text-transform: uppercase;
  font-weight: var(--chakra-fontWeights-medium);
  position: relative;
  -webkit-flex-shrink: 0;
  -ms-flex-negative: 0;
  flex-shrink: 0;
  background: var(--chakra-colors-brand-stroke);
  color: var(--chakra-colors-gray-800);
  --avatar-border-color: var(--chakra-colors-white);
  border-color: var(--avatar-border-color);
  vertical-align: top;
  width: 32px;
  height: 32px;
  font-size: calc(3rem / 2.5);
  border-weight: 3px;
  border: 3px solid var(--chakra-colors-brand-accentRed);
}

.emotion-12:not([data-loaded]) {
  --avatar-background: #a1be28;
}

.chakra-ui-dark .emotion-12:not([data-theme]),
[data-theme=dark] .emotion-12:not([data-theme]),
.emotion-12[data-theme=dark] {
  --avatar-border-color: var(--chakra-colors-gray-800);
}

.emotion-14 {
  margin-top: 20px;
  margin-bottom: 20px;
}

.emotion-15 {
  border-radius: var(--chakra-radii-full);
  display: -webkit-inline-box;
  display: -webkit-inline-flex;
  display: -ms-inline-flexbox;
  display: inline-flex;
  -webkit-align-items: center;
  -webkit-box-align: center;
  -ms-flex-align: center;
  align-items: center;
  -webkit-box-pack: center;
  -ms-flex-pack: center;
  -webkit-justify-content: center;
  justify-content: center;
  text-align: center;
  text-transform: uppercase;
  font-weight: var(--chakra-fontWeights-medium);
  position: relative;
  -webkit-flex-shrink: 0;
  -ms-flex-negative: 0;
  flex-shrink: 0;
  background: var(--chakra-colors-brand-stroke);
  color: var(--chakra-colors-gray-800);
  --avatar-border-color: var(--chakra-colors-white);
  border-color: var(--avatar-border-color);
  vertical-align: top;
  width: 40px;
  height: 40px;
  font-size: calc(3rem / 2.5);
  border: 1px solid var(--chakra-colors-brand-body);
}

.emotion-15:not([data-loaded]) {
  --avatar-background: #ab8353;
}

.chakra-ui-dark .emotion-15:not([data-theme]),
[data-theme=dark] .emotion-15:not([data-theme]),
.emotion-15[data-theme=dark] {
  --avatar-border-color: var(--chakra-colors-gray-800);
}

.emotion-17 {
  border-radius: var(--chakra-radii-full);
  display: -webkit-inline-box;
  display: -webkit-inline-flex;
  display: -ms-inline-flexbox;
  display: inline-flex;
  -webkit-align-items: center;
  -webkit-box-align: center;
  -ms-flex-align: center;
  align-items: center;
  -webkit-box-pack: center;
  -ms-flex-pack: center;
  -webkit-justify-content: center;
  justify-content: center;
  text-align: center;
  text-transform: uppercase;
  font-weight: var(--chakra-fontWeights-medium);
  position: relative;
  -webkit-flex-shrink: 0;
  -ms-flex-negative: 0;
  flex-shrink: 0;
  background: var(--chakra-colors-brand-stroke);
  color: var(--chakra-colors-gray-800);
  --avatar-border-color: var(--chakra-colors-white);
  border-color: var(--avatar-border-color);
  vertical-align: top;
  width: 40px;
  height: 40px;
  font-size: calc(3rem / 2.5);
  border: 1px solid var(--chakra-colors-brand-body);
}

.emotion-17:not([data-loaded]) {
  --avatar-background: #a1be28;
}

.chakra-ui-dark .emotion-17:not([data-theme]),
[data-theme=dark] .emotion-17:not([data-theme]),
.emotion-17[data-theme=dark] {
  --avatar-border-color: var(--chakra-colors-gray-800);
}

.emotion-20 {
  border-radius: var(--chakra-radii-full);
  display: -webkit-inline-box;
  display: -webkit-inline-flex;
  display: -ms-inline-flexbox;
  display: inline-flex;
  -webkit-align-items: center;
  -webkit-box-align: center;
  -ms-flex-align: center;
  align-items: center;
  -webkit-box-pack: center;
  -ms-flex-pack: center;
  -webkit-justify-content: center;
  justify-content: center;
  text-align: center;
  text-transform: uppercase;
  font-weight: var(--chakra-fontWeights-medium);
  position: relative;
  -webkit-flex-shrink: 0;
  -ms-flex-negative: 0;
  flex-shrink: 0;
  background: var(--chakra-colors-brand-stroke);
  color: var(--chakra-colors-gray-800);
  --avatar-border-color: var(--chakra-colors-white);
  border-color: var(--avatar-border-color);
  vertical-align: top;
  width: 250px;
  height: 250px;
  font-size: calc(3rem / 2.5);
  border-weight: 10px;
  border: 10px solid var(--chakra-colors-brand-accentGreen);
}

.emotion-20:not([data-loaded]) {
  --avatar-background: #ab8353;
}

.chakra-ui-dark .emotion-20:not([data-theme]),
[data-theme=dark] .emotion-20:not([data-theme]),
.emotion-20[data-theme=dark] {
  --avatar-border-color: var(--chakra-colors-gray-800);
}

.emotion-22 {
  border-radius: var(--chakra-radii-full);
  display: -webkit-inline-box;
  display: -webkit-inline-flex;
  display: -ms-inline-flexbox;
  display: inline-flex;
  -webkit-align-items: center;
  -webkit-box-align: center;
  -ms-flex-align: center;
  align-items: center;
  -webkit-box-pack: center;
  -ms-flex-pack: center;
  -webkit-justify-content: center;
  justify-content: center;
  text-align: center;
  text-transform: uppercase;
  font-weight: var(--chakra-fontWeights-medium);
  position: relative;
  -webkit-flex-shrink: 0;
  -ms-flex-negative: 0;
  flex-shrink: 0;
  background: var(--chakra-colors-brand-stroke);
  color: var(--chakra-colors-gray-800);
  --avatar-border-color: var(--chakra-colors-white);
  border-color: var(--avatar-border-color);
  vertical-align: top;
  width: 250px;
  height: 250px;
  font-size: calc(3rem / 2.5);
  border-weight: 10px;
  border: 10px solid var(--chakra-colors-brand-accentGreen);
}

.emotion-22:not([data-loaded]) {
  --avatar-background: #a1be28;
}

.chakra-ui-dark .emotion-22:not([data-theme]),
[data-theme=dark] .emotion-22:not([data-theme]),
.emotion-22[data-theme=dark] {
  --avatar-border-color: var(--chakra-colors-gray-800);
}

.emotion-24 {
  border-radius: var(--chakra-radii-full);
  display: -webkit-inline-box;
  display: -webkit-inline-flex;
  display: -ms-inline-flexbox;
  display: inline-flex;
  -webkit-align-items: center;
  -webkit-box-align: center;
  -ms-flex-align: center;
  align-items: center;
  -webkit-box-pack: center;
  -ms-flex-pack: center;
  -webkit-justify-content: center;
  justify-content: center;
  text-align: center;
  text-transform: uppercase;
  font-weight: var(--chakra-fontWeights-medium);
  position: relative;
  -webkit-flex-shrink: 0;
  -ms-flex-negative: 0;
  flex-shrink: 0;
  background: var(--chakra-colors-brand-stroke);
  color: var(--chakra-colors-gray-800);
  --avatar-border-color: var(--chakra-colors-white);
  border-color: var(--avatar-border-color);
  vertical-align: top;
  width: 250px;
  height: 250px;
  font-size: calc(3rem / 2.5);
  border-weight: 10px;
  border: 10px solid var(--chakra-colors-brand-accentYellow);
}

.emotion-24:not([data-loaded]) {
  --avatar-background: #ab8353;
}

.chakra-ui-dark .emotion-24:not([data-theme]),
[data-theme=dark] .emotion-24:not([data-theme]),
.emotion-24[data-theme=dark] {
  --avatar-border-color: var(--chakra-colors-gray-800);
}

.emotion-26 {
  border-radius: var(--chakra-radii-full);
  display: -webkit-inline-box;
  display: -webkit-inline-flex;
  display: -ms-inline-flexbox;
  display: inline-flex;
  -webkit-align-items: center;
  -webkit-box-align: center;
  -ms-flex-align: center;
  align-items: center;
  -webkit-box-pack: center;
  -ms-flex-pack: center;
  -webkit-justify-content: center;
  justify-content: center;
  text-align: center;
  text-transform: uppercase;
  font-weight: var(--chakra-fontWeights-medium);
  position: relative;
  -webkit-flex-shrink: 0;
  -ms-flex-negative: 0;
  flex-shrink: 0;
  background: var(--chakra-colors-brand-stroke);
  color: var(--chakra-colors-gray-800);
  --avatar-border-color: var(--chakra-colors-white);
  border-color: var(--avatar-border-color);
  vertical-align: top;
  width: 250px;
  height: 250px;
  font-size: calc(3rem / 2.5);
  border-weight: 10px;
  border: 10px solid var(--chakra-colors-brand-accentYellow);
}

.emotion-26:not([data-loaded]) {
  --avatar-background: #a1be28;
}

.chakra-ui-dark .emotion-26:not([data-theme]),
[data-theme=dark] .emotion-26:not([data-theme]),
.emotion-26[data-theme=dark] {
  --avatar-border-color: var(--chakra-colors-gray-800);
}

.emotion-28 {
  border-radius: var(--chakra-radii-full);
  display: -webkit-inline-box;
  display: -webkit-inline-flex;
  display: -ms-inline-flexbox;
  display: inline-flex;
  -webkit-align-items: center;
  -webkit-box-align: center;
  -ms-flex-align: center;
  align-items: center;
  -webkit-box-pack: center;
  -ms-flex-pack: center;
  -webkit-justify-content: center;
  justify-content: center;
  text-align: center;
  text-transform: uppercase;
  font-weight: var(--chakra-fontWeights-medium);
  position: relative;
  -webkit-flex-shrink: 0;
  -ms-flex-negative: 0;
  flex-shrink: 0;
  background: var(--chakra-colors-brand-stroke);
  color: var(--chakra-colors-gray-800);
  --avatar-border-color: var(--chakra-colors-white);
  border-color: var(--avatar-border-color);
  vertical-align: top;
  width: 250px;
  height: 250px;
  font-size: calc(3rem / 2.5);
  border-weight: 10px;
  border: 10px solid var(--chakra-colors-brand-accentRed);
}

.emotion-28:not([data-loaded]) {
  --avatar-background: #ab8353;
}

.chakra-ui-dark .emotion-28:not([data-theme]),
[data-theme=dark] .emotion-28:not([data-theme]),
.emotion-28[data-theme=dark] {
  --avatar-border-color: var(--chakra-colors-gray-800);
}

.emotion-30 {
  border-radius: var(--chakra-radii-full);
  display: -webkit-inline-box;
  display: -webkit-inline-flex;
  display: -ms-inline-flexbox;
  display: inline-flex;
  -webkit-align-items: center;
  -webkit-box-align: center;
  -ms-flex-align: center;
  align-items: center;
  -webkit-box-pack: center;
  -ms-flex-pack: center;
  -webkit-justify-content: center;
  justify-content: center;
  text-align: center;
  text-transform: uppercase;
  font-weight: var(--chakra-fontWeights-medium);
  position: relative;
  -webkit-flex-shrink: 0;
  -ms-flex-negative: 0;
  flex-shrink: 0;
  background: var(--chakra-colors-brand-stroke);
  color: var(--chakra-colors-gray-800);
  --avatar-border-color: var(--chakra-colors-white);
  border-color: var(--avatar-border-color);
  vertical-align: top;
  width: 250px;
  height: 250px;
  font-size: calc(3rem / 2.5);
  border-weight: 10px;
  border: 10px solid var(--chakra-colors-brand-accentRed);
}

.emotion-30:not([data-loaded]) {
  --avatar-background: #a1be28;
}

.chakra-ui-dark .emotion-30:not([data-theme]),
[data-theme=dark] .emotion-30:not([data-theme]),
.emotion-30[data-theme=dark] {
  --avatar-border-color: var(--chakra-colors-gray-800);
}

<div>
  <div
    class="emotion-0"
  >
    <div
      class="emotion-1"
    >
      <span
        class="chakra-avatar emotion-2"
      >
        <svg
          aria-label=" avatar"
          class="chakra-avatar__svg emotion-3"
          role="img"
          viewBox="0 0 128 128"
        >
          <path
            d="M103,102.1388 C93.094,111.92 79.3504,118 64.1638,118 C48.8056,118 34.9294,111.768 25,101.7892 L25,95.2 C25,86.8096 31.981,80 40.6,80 L87.4,80 C96.019,80 103,86.8096 103,95.2 L103,102.1388 Z"
            fill="currentColor"
          />
          <path
            d="M63.9961647,24 C51.2938136,24 41,34.2938136 41,46.9961647 C41,59.7061864 51.2938136,70 63.9961647,70 C76.6985159,70 87,59.7061864 87,46.9961647 C87,34.2938136 76.6985159,24 63.9961647,24"
            fill="currentColor"
          />
        </svg>
      </span>
      <span
        class="chakra-avatar emotion-4"
      >
        <div
          aria-label="Kola Tioluwani"
          class="chakra-avatar__initials emotion-5"
          role="img"
        >
          KT
        </div>
      </span>
      <span
        class="chakra-avatar emotion-6"
      >
        <div
          aria-label="Dan Abrahmov"
          class="chakra-avatar__initials emotion-5"
          role="img"
        >
          DA
        </div>
      </span>
      <span
        class="chakra-avatar emotion-8"
      >
        <div
          aria-label="Kola Tioluwani"
          class="chakra-avatar__initials emotion-5"
          role="img"
        >
          KT
        </div>
      </span>
      <span
        class="chakra-avatar emotion-10"
      >
        <div
          aria-label="Dan Abrahmov"
          class="chakra-avatar__initials emotion-5"
          role="img"
        >
          DA
        </div>
      </span>
      <span
        class="chakra-avatar emotion-12"
      >
        <div
          aria-label="Kola Tioluwani"
          class="chakra-avatar__initials emotion-5"
          role="img"
        >
          KT
        </div>
      </span>
    </div>
    <div
      class="emotion-14"
    >
      <span
        class="chakra-avatar emotion-15"
      >
        <div
          aria-label="Dan Abrahmov"
          class="chakra-avatar__initials emotion-5"
          role="img"
        >
          DA
        </div>
      </span>
      <span
        class="chakra-avatar emotion-17"
      >
        <div
          aria-label="Kola Tioluwani"
          class="chakra-avatar__initials emotion-5"
          role="img"
        >
          KT
        </div>
      </span>
    </div>
    <div
      class="emotion-1"
    >
      <span
        class="chakra-avatar emotion-20"
      >
        <div
          aria-label="Dan Abrahmov"
          class="chakra-avatar__initials emotion-5"
          role="img"
        >
          DA
        </div>
      </span>
      <span
        class="chakra-avatar emotion-22"
      >
        <div
          aria-label="Kola Tioluwani"
          class="chakra-avatar__initials emotion-5"
          role="img"
        >
          KT
        </div>
      </span>
      <span
        class="chakra-avatar emotion-24"
      >
        <div
          aria-label="Dan Abrahmov"
          class="chakra-avatar__initials emotion-5"
          role="img"
        >
          DA
        </div>
      </span>
      <span
        class="chakra-avatar emotion-26"
      >
        <div
          aria-label="Kola Tioluwani"
          class="chakra-avatar__initials emotion-5"
          role="img"
        >
          KT
        </div>
      </span>
      <span
        class="chakra-avatar emotion-28"
      >
        <div
          aria-label="Dan Abrahmov"
          class="chakra-avatar__initials emotion-5"
          role="img"
        >
          DA
        </div>
      </span>
      <span
        class="chakra-avatar emotion-30"
      >
        <div
          aria-label="Kola Tioluwani"
          class="chakra-avatar__initials emotion-5"
          role="img"
        >
          KT
        </div>
      </span>
    </div>
  </div>
  <span
    hidden=""
    id="__chakra_env"
  />
</div>
`;
