// Jest Snapshot v1, https://goo.gl/fbAQLP

exports[`Storyshots UI/Buttons Variants 1`] = `
.emotion-0 {
  display: grid;
  grid-gap: var(--chakra-space-5);
  grid-template-columns: repeat(1, minmax(0, 1fr));
}

.emotion-1 {
  display: -webkit-inline-box;
  display: -webkit-inline-flex;
  display: -ms-inline-flexbox;
  display: inline-flex;
}

.emotion-1>*:not(style)~*:not(style) {
  -webkit-margin-start: 20px;
  margin-inline-start: 20px;
}

.emotion-2 {
  display: -webkit-inline-box;
  display: -webkit-inline-flex;
  display: -ms-inline-flexbox;
  display: inline-flex;
  -webkit-appearance: none;
  -moz-appearance: none;
  -ms-appearance: none;
  appearance: none;
  -webkit-align-items: center;
  -webkit-box-align: center;
  -ms-flex-align: center;
  align-items: center;
  -webkit-box-pack: center;
  -ms-flex-pack: center;
  -webkit-justify-content: center;
  justify-content: center;
  -webkit-user-select: none;
  -moz-user-select: none;
  -ms-user-select: none;
  user-select: none;
  position: relative;
  white-space: nowrap;
  vertical-align: middle;
  outline: 2px solid transparent;
  outline-offset: 2px;
  line-height: 16px;
  border-radius: 4px;
  font-weight: 500;
  transition-property: var(--chakra-transition-property-common);
  transition-duration: var(--chakra-transition-duration-normal);
  padding: 10px 14px;
  text-transform: uppercase;
  box-sizing: border-box;
  cursor: pointer;
  font-size: var(--chakra-fontSizes-sm);
  background: var(--chakra-colors-brand-accentRed);
  height: var(--chakra-sizes-8);
  min-width: var(--chakra-sizes-8);
  -webkit-padding-start: var(--chakra-space-3);
  padding-inline-start: var(--chakra-space-3);
  -webkit-padding-end: var(--chakra-space-3);
  padding-inline-end: var(--chakra-space-3);
  color: var(--chakra-colors-white);
}

.emotion-2:focus-visible,
.emotion-2[data-focus-visible] {
  box-shadow: var(--chakra-shadows-outline);
}

.emotion-2:disabled,
.emotion-2[disabled],
.emotion-2[aria-disabled=true],
.emotion-2[data-disabled] {
  opacity: 0.4;
  cursor: not-allowed;
  box-shadow: 0 0 0 1px var(--chakra-colors-brand-stroke);
  background: var(--chakra-colors-brand-ghostWhite);
  color: var(--chakra-colors-brand-lightGray);
}

.emotion-2:disabled:active,
.emotion-2[disabled]:active,
.emotion-2[aria-disabled=true]:active,
.emotion-2[data-disabled]:active,
.emotion-2:disabled[data-active],
.emotion-2[disabled][data-active],
.emotion-2[aria-disabled=true][data-active],
.emotion-2[data-disabled][data-active] {
  color: var(--chakra-colors-brand-lightGray);
}

.emotion-2:hover,
.emotion-2[data-hover] {
  background: var(--chakra-colors-brand-burntSienna);
}

.emotion-2:hover:disabled,
.emotion-2[data-hover]:disabled,
.emotion-2:hover[disabled],
.emotion-2[data-hover][disabled],
.emotion-2:hover[aria-disabled=true],
.emotion-2[data-hover][aria-disabled=true],
.emotion-2:hover[data-disabled],
.emotion-2[data-hover][data-disabled] {
  background: initial;
}

.emotion-2:active,
.emotion-2[data-active] {
  background: var(--chakra-colors-brand-crusta);
  color: var(--chakra-colors-brand-headline);
}

.emotion-2:focus,
.emotion-2[data-focus] {
  z-index: 1;
}

.emotion-5 {
  display: -webkit-inline-box;
  display: -webkit-inline-flex;
  display: -ms-inline-flexbox;
  display: inline-flex;
  -webkit-align-self: center;
  -ms-flex-item-align: center;
  align-self: center;
  -webkit-flex-shrink: 0;
  -ms-flex-negative: 0;
  flex-shrink: 0;
  -webkit-margin-end: 0.5rem;
  margin-inline-end: 0.5rem;
}

.emotion-9 {
  display: -webkit-inline-box;
  display: -webkit-inline-flex;
  display: -ms-inline-flexbox;
  display: inline-flex;
  -webkit-appearance: none;
  -moz-appearance: none;
  -ms-appearance: none;
  appearance: none;
  -webkit-align-items: center;
  -webkit-box-align: center;
  -ms-flex-align: center;
  align-items: center;
  -webkit-box-pack: center;
  -ms-flex-pack: center;
  -webkit-justify-content: center;
  justify-content: center;
  -webkit-user-select: none;
  -moz-user-select: none;
  -ms-user-select: none;
  user-select: none;
  position: relative;
  white-space: nowrap;
  vertical-align: middle;
  outline: 2px solid transparent;
  outline-offset: 2px;
  line-height: 16px;
  border-radius: 4px;
  font-weight: 500;
  transition-property: var(--chakra-transition-property-common);
  transition-duration: var(--chakra-transition-duration-normal);
  padding: 10px 14px;
  text-transform: uppercase;
  box-sizing: border-box;
  cursor: pointer;
  font-size: var(--chakra-fontSizes-sm);
  background: var(--chakra-colors-transparent);
  height: var(--chakra-sizes-8);
  min-width: var(--chakra-sizes-8);
  -webkit-padding-start: var(--chakra-space-3);
  padding-inline-start: var(--chakra-space-3);
  -webkit-padding-end: var(--chakra-space-3);
  padding-inline-end: var(--chakra-space-3);
  color: var(--chakra-colors-brand-ghostGray);
  padding-left: 0px;
  padding-right: 0px;
}

.emotion-9:focus-visible,
.emotion-9[data-focus-visible] {
  box-shadow: var(--chakra-shadows-outline);
}

.emotion-9:disabled,
.emotion-9[disabled],
.emotion-9[aria-disabled=true],
.emotion-9[data-disabled] {
  opacity: 0.4;
  cursor: not-allowed;
  box-shadow: var(--chakra-shadows-none);
  color: var(--chakra-colors-brand-lightGray);
}

.emotion-9:disabled:hover,
.emotion-9[disabled]:hover,
.emotion-9[aria-disabled=true]:hover,
.emotion-9[data-disabled]:hover,
.emotion-9:disabled[data-hover],
.emotion-9[disabled][data-hover],
.emotion-9[aria-disabled=true][data-hover],
.emotion-9[data-disabled][data-hover] {
  color: var(--chakra-colors-brand-lightGray);
}

.emotion-9:disabled:active,
.emotion-9[disabled]:active,
.emotion-9[aria-disabled=true]:active,
.emotion-9[data-disabled]:active,
.emotion-9:disabled[data-active],
.emotion-9[disabled][data-active],
.emotion-9[aria-disabled=true][data-active],
.emotion-9[data-disabled][data-active] {
  color: var(--chakra-colors-brand-lightGray);
}

.emotion-9:hover,
.emotion-9[data-hover] {
  color: var(--chakra-colors-brand-darkGray);
}

.emotion-9:hover:disabled,
.emotion-9[data-hover]:disabled,
.emotion-9:hover[disabled],
.emotion-9[data-hover][disabled],
.emotion-9:hover[aria-disabled=true],
.emotion-9[data-hover][aria-disabled=true],
.emotion-9:hover[data-disabled],
.emotion-9[data-hover][data-disabled] {
  background: initial;
}

.emotion-9:active,
.emotion-9[data-active] {
  color: var(--chakra-colors-brand-headline);
}

.emotion-9:focus,
.emotion-9[data-focus] {
  z-index: 1;
}

.emotion-14 {
  display: -webkit-inline-box;
  display: -webkit-inline-flex;
  display: -ms-inline-flexbox;
  display: inline-flex;
  -webkit-appearance: none;
  -moz-appearance: none;
  -ms-appearance: none;
  appearance: none;
  -webkit-align-items: center;
  -webkit-box-align: center;
  -ms-flex-align: center;
  align-items: center;
  -webkit-box-pack: center;
  -ms-flex-pack: center;
  -webkit-justify-content: center;
  justify-content: center;
  -webkit-user-select: none;
  -moz-user-select: none;
  -ms-user-select: none;
  user-select: none;
  position: relative;
  white-space: nowrap;
  vertical-align: middle;
  outline: 2px solid transparent;
  outline-offset: 2px;
  line-height: 16px;
  border-radius: 4px;
  font-weight: 500;
  transition-property: var(--chakra-transition-property-common);
  transition-duration: var(--chakra-transition-duration-normal);
  padding: 10px 14px;
  text-transform: uppercase;
  box-sizing: border-box;
  cursor: pointer;
  font-size: var(--chakra-fontSizes-sm);
  background: var(--chakra-colors-transparent);
  height: var(--chakra-sizes-8);
  min-width: var(--chakra-sizes-8);
  -webkit-padding-start: var(--chakra-space-3);
  padding-inline-start: var(--chakra-space-3);
  -webkit-padding-end: var(--chakra-space-3);
  padding-inline-end: var(--chakra-space-3);
  color: var(--chakra-colors-brand-accentRed);
  padding-left: 0px;
  padding-right: 0px;
}

.emotion-14:focus-visible,
.emotion-14[data-focus-visible] {
  box-shadow: var(--chakra-shadows-outline);
}

.emotion-14:disabled,
.emotion-14[disabled],
.emotion-14[aria-disabled=true],
.emotion-14[data-disabled] {
  opacity: 0.4;
  cursor: not-allowed;
  box-shadow: var(--chakra-shadows-none);
  color: var(--chakra-colors-brand-lightGray);
}

.emotion-14:disabled:hover,
.emotion-14[disabled]:hover,
.emotion-14[aria-disabled=true]:hover,
.emotion-14[data-disabled]:hover,
.emotion-14:disabled[data-hover],
.emotion-14[disabled][data-hover],
.emotion-14[aria-disabled=true][data-hover],
.emotion-14[data-disabled][data-hover] {
  color: var(--chakra-colors-brand-lightGray);
}

.emotion-14:hover,
.emotion-14[data-hover] {
  color: var(--chakra-colors-brand-ghostGray);
}

.emotion-14:hover:disabled,
.emotion-14[data-hover]:disabled,
.emotion-14:hover[disabled],
.emotion-14[data-hover][disabled],
.emotion-14:hover[aria-disabled=true],
.emotion-14[data-hover][aria-disabled=true],
.emotion-14:hover[data-disabled],
.emotion-14[data-hover][data-disabled] {
  background: initial;
}

.emotion-14:active,
.emotion-14[data-active] {
  color: var(--chakra-colors-brand-headline);
}

.emotion-14:focus,
.emotion-14[data-focus] {
  z-index: 1;
}

.emotion-19 {
  display: -webkit-inline-box;
  display: -webkit-inline-flex;
  display: -ms-inline-flexbox;
  display: inline-flex;
  -webkit-appearance: none;
  -moz-appearance: none;
  -ms-appearance: none;
  appearance: none;
  -webkit-align-items: center;
  -webkit-box-align: center;
  -ms-flex-align: center;
  align-items: center;
  -webkit-box-pack: center;
  -ms-flex-pack: center;
  -webkit-justify-content: center;
  justify-content: center;
  -webkit-user-select: none;
  -moz-user-select: none;
  -ms-user-select: none;
  user-select: none;
  position: relative;
  white-space: nowrap;
  vertical-align: middle;
  outline: 2px solid transparent;
  outline-offset: 2px;
  line-height: 16px;
  border-radius: 4px;
  font-weight: 500;
  transition-property: var(--chakra-transition-property-common);
  transition-duration: var(--chakra-transition-duration-normal);
  padding: 10px 14px;
  text-transform: uppercase;
  box-sizing: border-box;
  cursor: pointer;
  font-size: var(--chakra-fontSizes-sm);
  background: var(--chakra-colors-transparent);
  height: var(--chakra-sizes-8);
  min-width: var(--chakra-sizes-8);
  -webkit-padding-start: var(--chakra-space-3);
  padding-inline-start: var(--chakra-space-3);
  -webkit-padding-end: var(--chakra-space-3);
  padding-inline-end: var(--chakra-space-3);
  color: var(--chakra-colors-brand-accentRed);
  box-shadow: 0 0 0 1px var(--chakra-colors-brand-stroke);
}

.emotion-19:focus-visible,
.emotion-19[data-focus-visible] {
  box-shadow: var(--chakra-shadows-outline);
}

.emotion-19:disabled,
.emotion-19[disabled],
.emotion-19[aria-disabled=true],
.emotion-19[data-disabled] {
  opacity: 0.4;
  cursor: not-allowed;
  box-shadow: 0 0 0 1px var(--chakra-colors-brand-stroke);
  color: var(--chakra-colors-brand-lightGray);
}

.emotion-19:disabled:hover,
.emotion-19[disabled]:hover,
.emotion-19[aria-disabled=true]:hover,
.emotion-19[data-disabled]:hover,
.emotion-19:disabled[data-hover],
.emotion-19[disabled][data-hover],
.emotion-19[aria-disabled=true][data-hover],
.emotion-19[data-disabled][data-hover] {
  box-shadow: 0 0 0 1px var(--chakra-colors-brand-stroke);
}

.emotion-19:disabled:active,
.emotion-19[disabled]:active,
.emotion-19[aria-disabled=true]:active,
.emotion-19[data-disabled]:active,
.emotion-19:disabled[data-active],
.emotion-19[disabled][data-active],
.emotion-19[aria-disabled=true][data-active],
.emotion-19[data-disabled][data-active] {
  color: var(--chakra-colors-brand-lightGray);
}

.emotion-19:hover,
.emotion-19[data-hover] {
  box-shadow: 0 0 0 1px var(--chakra-colors-brand-darkGray);
}

.emotion-19:hover:disabled,
.emotion-19[data-hover]:disabled,
.emotion-19:hover[disabled],
.emotion-19[data-hover][disabled],
.emotion-19:hover[aria-disabled=true],
.emotion-19[data-hover][aria-disabled=true],
.emotion-19:hover[data-disabled],
.emotion-19[data-hover][data-disabled] {
  background: initial;
}

.emotion-19:active,
.emotion-19[data-active] {
  box-shadow: 0 0 0 1px var(--chakra-colors-brand-ghostGray);
  color: var(--chakra-colors-brand-headline);
}

.emotion-19:focus,
.emotion-19[data-focus] {
  z-index: 1;
}

.emotion-26 {
  display: -webkit-inline-box;
  display: -webkit-inline-flex;
  display: -ms-inline-flexbox;
  display: inline-flex;
  -webkit-appearance: none;
  -moz-appearance: none;
  -ms-appearance: none;
  appearance: none;
  -webkit-align-items: center;
  -webkit-box-align: center;
  -ms-flex-align: center;
  align-items: center;
  -webkit-box-pack: center;
  -ms-flex-pack: center;
  -webkit-justify-content: center;
  justify-content: center;
  -webkit-user-select: none;
  -moz-user-select: none;
  -ms-user-select: none;
  user-select: none;
  position: relative;
  white-space: nowrap;
  vertical-align: middle;
  outline: 2px solid transparent;
  outline-offset: 2px;
  line-height: 16px;
  border-radius: 4px;
  font-weight: 500;
  transition-property: var(--chakra-transition-property-common);
  transition-duration: var(--chakra-transition-duration-normal);
  padding: 0px;
  text-transform: uppercase;
  box-sizing: border-box;
  cursor: pointer;
  font-size: var(--chakra-fontSizes-sm);
  background: var(--chakra-colors-transparent);
  height: 32px;
  min-width: var(--chakra-sizes-8);
  -webkit-padding-start: var(--chakra-space-3);
  padding-inline-start: var(--chakra-space-3);
  -webkit-padding-end: var(--chakra-space-3);
  padding-inline-end: var(--chakra-space-3);
  width: 48px;
  color: var(--chakra-colors-brand-ghostGray);
  box-shadow: 0 0 0 1px var(--chakra-colors-brand-stroke);
}

.emotion-26:focus-visible,
.emotion-26[data-focus-visible] {
  box-shadow: var(--chakra-shadows-outline);
}

.emotion-26:disabled,
.emotion-26[disabled],
.emotion-26[aria-disabled=true],
.emotion-26[data-disabled] {
  opacity: 0.4;
  cursor: not-allowed;
  box-shadow: 0 0 0 1px var(--chakra-colors-brand-lightGray);
  color: var(--chakra-colors-brand-lightGray);
}

.emotion-26:disabled:hover,
.emotion-26[disabled]:hover,
.emotion-26[aria-disabled=true]:hover,
.emotion-26[data-disabled]:hover,
.emotion-26:disabled[data-hover],
.emotion-26[disabled][data-hover],
.emotion-26[aria-disabled=true][data-hover],
.emotion-26[data-disabled][data-hover] {
  box-shadow: 0 0 0 1px var(--chakra-colors-brand-lightGray);
}

.emotion-26:disabled:active,
.emotion-26[disabled]:active,
.emotion-26[aria-disabled=true]:active,
.emotion-26[data-disabled]:active,
.emotion-26:disabled[data-active],
.emotion-26[disabled][data-active],
.emotion-26[aria-disabled=true][data-active],
.emotion-26[data-disabled][data-active] {
  color: var(--chakra-colors-brand-lightGray);
  box-shadow: 0 0 0 1px var(--chakra-colors-brand-lightGray);
}

.emotion-26:hover,
.emotion-26[data-hover] {
  box-shadow: 0 0 0 1px var(--chakra-colors-brand-ghostGray);
}

.emotion-26:hover:disabled,
.emotion-26[data-hover]:disabled,
.emotion-26:hover[disabled],
.emotion-26[data-hover][disabled],
.emotion-26:hover[aria-disabled=true],
.emotion-26[data-hover][aria-disabled=true],
.emotion-26:hover[data-disabled],
.emotion-26[data-hover][data-disabled] {
  background: initial;
}

.emotion-26:active,
.emotion-26[data-active] {
  color: var(--chakra-colors-brand-headline);
  box-shadow: 0 0 0 1px var(--chakra-colors-brand-headline);
}

.emotion-26:focus,
.emotion-26[data-focus] {
  z-index: 1;
}

<div>
  <div
    class="emotion-0"
  >
    <div
      class="chakra-button__group emotion-1"
      role="group"
    >
      <button
        class="chakra-button emotion-2"
        type="button"
      >
        button
      </button>
      <button
        class="chakra-button emotion-2"
        disabled=""
        type="button"
      >
        button disabled
      </button>
      <button
        class="chakra-button emotion-2"
        type="button"
      >
        <span
          class="chakra-button__icon emotion-5"
        >
          <svg
            aria-hidden="true"
            fill="currentColor"
            focusable="false"
            height="20px"
            stroke="currentColor"
            stroke-width="0"
            viewBox="0 0 24 24"
            width="20px"
            xmlns="http://www.w3.org/2000/svg"
          >
            <path
              d="M0 0h24v24H0z"
              fill="none"
            />
            <path
              d="M19 13h-6v6h-2v-6H5v-2h6V5h2v6h6v2z"
            />
          </svg>
        </span>
        button with icon
      </button>
      <button
        class="chakra-button emotion-2"
        disabled=""
        type="button"
      >
        <span
          class="chakra-button__icon emotion-5"
        >
          <svg
            aria-hidden="true"
            fill="currentColor"
            focusable="false"
            height="20px"
            stroke="currentColor"
            stroke-width="0"
            viewBox="0 0 24 24"
            width="20px"
            xmlns="http://www.w3.org/2000/svg"
          >
            <path
              d="M0 0h24v24H0z"
              fill="none"
            />
            <path
              d="M19 13h-6v6h-2v-6H5v-2h6V5h2v6h6v2z"
            />
          </svg>
        </span>
        button with icon disabled
      </button>
    </div>
    <div
      class="chakra-button__group emotion-1"
      role="group"
    >
      <button
        class="chakra-button emotion-9"
        type="button"
      >
        button
      </button>
      <button
        class="chakra-button emotion-9"
        disabled=""
        type="button"
      >
        button disabled
      </button>
      <button
        class="chakra-button emotion-9"
        type="button"
      >
        button with icon
      </button>
      <button
        class="chakra-button emotion-9"
        disabled=""
        type="button"
      >
        button with icon disabled
      </button>
    </div>
    <div
      class="chakra-button__group emotion-1"
      role="group"
    >
      <button
        class="chakra-button emotion-14"
        type="button"
      >
        button
      </button>
      <button
        class="chakra-button emotion-14"
        disabled=""
        type="button"
      >
        button disabled
      </button>
      <button
        class="chakra-button emotion-14"
        type="button"
      >
        button with icon
      </button>
      <button
        class="chakra-button emotion-14"
        disabled=""
        type="button"
      >
        button with icon disabled
      </button>
    </div>
    <div
      class="chakra-button__group emotion-1"
      role="group"
    >
      <button
        class="chakra-button emotion-19"
        type="button"
      >
        button
      </button>
      <button
        class="chakra-button emotion-19"
        disabled=""
        type="button"
      >
        button disabled
      </button>
      <button
        class="chakra-button emotion-19"
        type="button"
      >
        <span
          class="chakra-button__icon emotion-5"
        >
          <svg
            aria-hidden="true"
            fill="currentColor"
            focusable="false"
            height="20px"
            stroke="currentColor"
            stroke-width="0"
            viewBox="0 0 24 24"
            width="20px"
            xmlns="http://www.w3.org/2000/svg"
          >
            <path
              d="M0 0h24v24H0z"
              fill="none"
            />
            <path
              d="M19 13h-6v6h-2v-6H5v-2h6V5h2v6h6v2z"
            />
          </svg>
        </span>
        button with icon
      </button>
      <button
        class="chakra-button emotion-19"
        disabled=""
        type="button"
      >
        <span
          class="chakra-button__icon emotion-5"
        >
          <svg
            aria-hidden="true"
            fill="currentColor"
            focusable="false"
            height="20px"
            stroke="currentColor"
            stroke-width="0"
            viewBox="0 0 24 24"
            width="20px"
            xmlns="http://www.w3.org/2000/svg"
          >
            <path
              d="M0 0h24v24H0z"
              fill="none"
            />
            <path
              d="M19 13h-6v6h-2v-6H5v-2h6V5h2v6h6v2z"
            />
          </svg>
        </span>
        button with icon disabled
      </button>
    </div>
    <div
      class="chakra-button__group emotion-1"
      role="group"
    >
      <button
        aria-label="Filter"
        class="chakra-button emotion-26"
        type="button"
      >
        <svg
          aria-hidden="true"
          fill="currentColor"
          focusable="false"
          height="26px"
          stroke="currentColor"
          stroke-width="0"
          viewBox="0 0 24 24"
          width="26px"
          xmlns="http://www.w3.org/2000/svg"
        >
          <path
            d="M0 0h24m0 24H0"
            fill="none"
          />
          <path
            d="M7 6h10l-5.01 6.3L7 6zm-2.75-.39C6.27 8.2 10 13 10 13v6c0 .55.45 1 1 1h2c.55 0 1-.45 1-1v-6s3.72-4.8 5.74-7.39A.998.998 0 0018.95 4H5.04c-.83 0-1.3.95-.79 1.61z"
          />
          <path
            d="M0 0h24v24H0V0z"
            fill="none"
          />
        </svg>
      </button>
      <button
        aria-label="Filter"
        class="chakra-button emotion-26"
        disabled=""
        type="button"
      >
        <svg
          aria-hidden="true"
          fill="currentColor"
          focusable="false"
          height="26px"
          stroke="currentColor"
          stroke-width="0"
          viewBox="0 0 24 24"
          width="26px"
          xmlns="http://www.w3.org/2000/svg"
        >
          <path
            d="M0 0h24m0 24H0"
            fill="none"
          />
          <path
            d="M7 6h10l-5.01 6.3L7 6zm-2.75-.39C6.27 8.2 10 13 10 13v6c0 .55.45 1 1 1h2c.55 0 1-.45 1-1v-6s3.72-4.8 5.74-7.39A.998.998 0 0018.95 4H5.04c-.83 0-1.3.95-.79 1.61z"
          />
          <path
            d="M0 0h24v24H0V0z"
            fill="none"
          />
        </svg>
      </button>
    </div>
  </div>
  <span
    hidden=""
    id="__chakra_env"
  />
</div>
`;
