// Jest Snapshot v1, https://goo.gl/fbAQLP

exports[`Storyshots UI/CircularProgress Variants 1`] = `
.emotion-1 {
  display: inline-block;
  position: relative;
  vertical-align: middle;
  font-size: 80px;
}

.emotion-2 {
  width: 80px;
  height: 80px;
}

.emotion-3 {
  fill: var(--chakra-colors-transparent);
  stroke: var(--chakra-colors-brand-stroke);
}

.emotion-4 {
  fill: var(--chakra-colors-transparent);
  stroke: var(--chakra-colors-brand-ghostGray);
  transition-property: stroke-dasharray,stroke;
  transition-duration: 0.6s;
  transition-timing-function: ease;
}

.emotion-5 {
  font-size: 0.24em;
  top: 50%;
  left: 50%;
  width: 100%;
  text-align: center;
  position: absolute;
  -webkit-transform: translate(-50%, -50%);
  -moz-transform: translate(-50%, -50%);
  -ms-transform: translate(-50%, -50%);
  transform: translate(-50%, -50%);
}

<div>
  <div
    class="emotion-0"
  >
    <div
      aria-valuemax="100"
      aria-valuemin="0"
      aria-valuenow="33"
      class="chakra-progress emotion-1"
      role="progressbar"
    >
      <svg
        class="emotion-2"
        viewBox="0 0 100 100"
      >
        <circle
          class="chakra-progress__track emotion-3"
          cx="50"
          cy="50"
          r="42"
          stroke-width="8px"
        />
        <circle
          class="chakra-progress__indicator emotion-4"
          cx="50"
          cy="50"
          r="42"
          stroke-dasharray="87.12 176.88"
          stroke-dashoffset="66"
          stroke-width="8px"
        />
      </svg>
      <div
        class="emotion-5"
      />
    </div>
  </div>
  <span
    hidden=""
    id="__chakra_env"
  />
</div>
`;
