// Jest Snapshot v1, https://goo.gl/fbAQLP

exports[`Storyshots UI/Modals Variants 1`] = `
.emotion-1 {
  display: -webkit-inline-box;
  display: -webkit-inline-flex;
  display: -ms-inline-flexbox;
  display: inline-flex;
}

.emotion-1>*:not(style)~*:not(style) {
  -webkit-margin-start: var(--chakra-space-6);
  margin-inline-start: var(--chakra-space-6);
}

.emotion-2 {
  display: -webkit-inline-box;
  display: -webkit-inline-flex;
  display: -ms-inline-flexbox;
  display: inline-flex;
  -webkit-appearance: none;
  -moz-appearance: none;
  -ms-appearance: none;
  appearance: none;
  -webkit-align-items: center;
  -webkit-box-align: center;
  -ms-flex-align: center;
  align-items: center;
  -webkit-box-pack: center;
  -ms-flex-pack: center;
  -webkit-justify-content: center;
  justify-content: center;
  -webkit-user-select: none;
  -moz-user-select: none;
  -ms-user-select: none;
  user-select: none;
  position: relative;
  white-space: nowrap;
  vertical-align: middle;
  outline: 2px solid transparent;
  outline-offset: 2px;
  line-height: 16px;
  border-radius: 4px;
  font-weight: 500;
  transition-property: var(--chakra-transition-property-common);
  transition-duration: var(--chakra-transition-duration-normal);
  padding: 10px 14px;
  text-transform: uppercase;
  box-sizing: border-box;
  cursor: pointer;
  font-size: var(--chakra-fontSizes-md);
  background: var(--chakra-colors-brand-accentRed);
  height: var(--chakra-sizes-10);
  min-width: var(--chakra-sizes-10);
  -webkit-padding-start: var(--chakra-space-4);
  padding-inline-start: var(--chakra-space-4);
  -webkit-padding-end: var(--chakra-space-4);
  padding-inline-end: var(--chakra-space-4);
  color: var(--chakra-colors-white);
}

.emotion-2:focus-visible,
.emotion-2[data-focus-visible] {
  box-shadow: var(--chakra-shadows-outline);
}

.emotion-2:disabled,
.emotion-2[disabled],
.emotion-2[aria-disabled=true],
.emotion-2[data-disabled] {
  opacity: 0.4;
  cursor: not-allowed;
  box-shadow: 0 0 0 1px var(--chakra-colors-brand-stroke);
  background: var(--chakra-colors-brand-ghostWhite);
  color: var(--chakra-colors-brand-lightGray);
}

.emotion-2:disabled:active,
.emotion-2[disabled]:active,
.emotion-2[aria-disabled=true]:active,
.emotion-2[data-disabled]:active,
.emotion-2:disabled[data-active],
.emotion-2[disabled][data-active],
.emotion-2[aria-disabled=true][data-active],
.emotion-2[data-disabled][data-active] {
  color: var(--chakra-colors-brand-lightGray);
}

.emotion-2:hover,
.emotion-2[data-hover] {
  background: var(--chakra-colors-brand-burntSienna);
}

.emotion-2:hover:disabled,
.emotion-2[data-hover]:disabled,
.emotion-2:hover[disabled],
.emotion-2[data-hover][disabled],
.emotion-2:hover[aria-disabled=true],
.emotion-2[data-hover][aria-disabled=true],
.emotion-2:hover[data-disabled],
.emotion-2[data-hover][data-disabled] {
  background: initial;
}

.emotion-2:active,
.emotion-2[data-active] {
  background: var(--chakra-colors-brand-crusta);
  color: var(--chakra-colors-brand-headline);
}

.emotion-2:focus,
.emotion-2[data-focus] {
  z-index: 1;
}

<div>
  <div
    class="emotion-0"
  >
    <div
      class="chakra-button__group emotion-1"
      role="group"
    >
      <button
        class="chakra-button emotion-2"
        type="button"
      >
        simple modal
      </button>
      <button
        class="chakra-button emotion-2"
        type="button"
      >
        modal with header
      </button>
      <button
        class="chakra-button emotion-2"
        type="button"
      >
        modal with footer 
      </button>
      <button
        class="chakra-button emotion-2"
        type="button"
      >
        full modal
      </button>
      <button
        class="chakra-button emotion-2"
        type="button"
      >
        full modal with avatar
      </button>
    </div>
  </div>
  <span
    hidden=""
    id="__chakra_env"
  />
</div>
`;
