// Jest Snapshot v1, https://goo.gl/fbAQLP

exports[`Storyshots UI/Select Variants 1`] = `
.emotion-0 {
  display: -webkit-box;
  display: -webkit-flex;
  display: -ms-flexbox;
  display: flex;
  -webkit-flex-direction: column;
  -ms-flex-direction: column;
  flex-direction: column;
  width: 320px;
}

.emotion-0>*:not(style)~*:not(style) {
  margin-top: var(--chakra-space-6);
  -webkit-margin-end: 0px;
  margin-inline-end: 0px;
  margin-bottom: 0px;
  -webkit-margin-start: 0px;
  margin-inline-start: 0px;
}

.emotion-1 {
  width: 100%;
  position: relative;
  margin-top: var(--chakra-space-4);
}

.emotion-2 {
  display: block;
  text-align: start;
  font-size: var(--chakra-fontSizes-md);
  -webkit-margin-end: var(--chakra-space-3);
  margin-inline-end: var(--chakra-space-3);
  margin-bottom: var(--chakra-space-2);
  font-weight: var(--chakra-fontWeights-medium);
  transition-property: var(--chakra-transition-property-common);
  transition-duration: var(--chakra-transition-duration-normal);
  opacity: 1;
  color: var(--chakra-colors-brand-body);
}

.emotion-2:disabled,
.emotion-2[disabled],
.emotion-2[aria-disabled=true],
.emotion-2[data-disabled] {
  opacity: 0.4;
}

.emotion-3 {
  position: relative;
  cursor: pointer;
}

.emotion-4 {
  z-index: 9999;
  border: 0;
  clip: rect(1px, 1px, 1px, 1px);
  height: 1px;
  width: 1px;
  position: absolute;
  overflow: hidden;
  padding: 0;
  white-space: nowrap;
}

.emotion-6 {
  width: 100%;
  min-width: 0px;
  outline: 2px solid transparent;
  outline-offset: 2px;
  position: relative;
  -webkit-appearance: none;
  -moz-appearance: none;
  -ms-appearance: none;
  appearance: none;
  transition-property: var(--chakra-transition-property-common);
  transition-duration: var(--chakra-transition-duration-normal);
  font-size: 16px;
  -webkit-padding-start: var(--chakra-space-4);
  padding-inline-start: var(--chakra-space-4);
  -webkit-padding-end: var(--chakra-space-4);
  padding-inline-end: var(--chakra-space-4);
  height: auto;
  border-radius: 4px;
  border: 1px solid;
  border-color: var(--chakra-colors-brand-stroke);
  background: var(--chakra-colors-transparent);
  color: var(--chakra-colors-brand-ghostGray);
  border-width: 1px;
  border-style: solid;
  display: -webkit-box;
  display: -webkit-flex;
  display: -ms-flexbox;
  display: flex;
  padding: 0px;
  overflow: hidden;
  min-height: var(--chakra-sizes-10);
}

.emotion-6:disabled,
.emotion-6[disabled],
.emotion-6[aria-disabled=true],
.emotion-6[data-disabled] {
  opacity: 0.4;
  cursor: not-allowed;
}

.emotion-6:disabled:hover,
.emotion-6[disabled]:hover,
.emotion-6[aria-disabled=true]:hover,
.emotion-6[data-disabled]:hover,
.emotion-6:disabled[data-hover],
.emotion-6[disabled][data-hover],
.emotion-6[aria-disabled=true][data-hover],
.emotion-6[data-disabled][data-hover] {
  border-color: var(--chakra-colors-brand-stroke);
}

.emotion-6:hover,
.emotion-6[data-hover] {
  border-color: var(--chakra-colors-brand-lightGray);
}

.emotion-6[aria-readonly=true],
.emotion-6[readonly],
.emotion-6[data-readonly] {
  box-shadow: var(--chakra-shadows-none)!important;
  -webkit-user-select: all;
  -moz-user-select: all;
  -ms-user-select: all;
  user-select: all;
}

.emotion-6[aria-invalid=true],
.emotion-6[data-invalid] {
  border-color: #EF4523;
  box-shadow: 0 0 0 1px #EF4523;
}

.emotion-6:focus-visible,
.emotion-6[data-focus-visible] {
  z-index: 1;
  border-color: #646271;
  box-shadow: 0 0 0 1px #646271;
}

.emotion-6::-webkit-input-placeholder {
  color: var(--chakra-colors-brand-lightGray);
}

.emotion-6::-moz-placeholder {
  color: var(--chakra-colors-brand-lightGray);
}

.emotion-6:-ms-input-placeholder {
  color: var(--chakra-colors-brand-lightGray);
}

.emotion-6::placeholder {
  color: var(--chakra-colors-brand-lightGray);
}

.emotion-7 {
  display: -webkit-box;
  display: -webkit-flex;
  display: -ms-flexbox;
  display: flex;
  -webkit-align-items: center;
  -webkit-box-align: center;
  -ms-flex-align: center;
  align-items: center;
  -webkit-flex: 1;
  -ms-flex: 1;
  flex: 1;
  padding-top: 2px;
  padding-bottom: 2px;
  -webkit-padding-start: var(--chakra-space-4);
  padding-inline-start: var(--chakra-space-4);
  -webkit-padding-end: var(--chakra-space-4);
  padding-inline-end: var(--chakra-space-4);
  -webkit-box-flex-wrap: wrap;
  -webkit-flex-wrap: wrap;
  -ms-flex-wrap: wrap;
  flex-wrap: wrap;
  -webkit-overflow-scrolling: touch;
  position: relative;
  overflow: hidden;
}

.emotion-8 {
  color: var(--chakra-colors-brand-lightGray);
}

.emotion-9 {
  -webkit-flex: 1 1 auto;
  -ms-flex: 1 1 auto;
  flex: 1 1 auto;
  display: inline-grid;
  grid-area: 1/1/2/3;
  grid-template-columns: 0 min-content;
  color: inherit;
  -webkit-margin-start: 0.125rem;
  margin-inline-start: 0.125rem;
  -webkit-margin-end: 0.125rem;
  margin-inline-end: 0.125rem;
  padding-top: 0.125rem;
  padding-bottom: 0.125rem;
}

.emotion-9::after {
  content: attr(data-value) " ";
  visibility: hidden;
  white-space: pre;
  padding: 0px;
  grid-area: 1/2;
  font: inherit;
  min-width: 2px;
  border: 0;
  margin: 0px;
  outline: 2px solid transparent;
  outline-offset: 2px;
}

.emotion-10 {
  color: inherit;
  background: 0;
  opacity: 1;
  width: 100%;
  grid-area: 1/2;
  font: inherit;
  min-width: 2px;
  border: 0;
  margin: 0px;
  outline: 2px solid transparent;
  outline-offset: 2px;
}

.emotion-11 {
  display: -webkit-box;
  display: -webkit-flex;
  display: -ms-flexbox;
  display: flex;
  -webkit-align-items: center;
  -webkit-box-align: center;
  -ms-flex-align: center;
  align-items: center;
  -webkit-align-self: stretch;
  -ms-flex-item-align: stretch;
  align-self: stretch;
  -webkit-flex-shrink: 0;
  -ms-flex-negative: 0;
  flex-shrink: 0;
}

.emotion-12 {
  opacity: 1;
  border: 0;
  border-color: inherit;
  border-style: solid;
  border-left-width: 1px;
  height: 100%;
  display: none;
}

.emotion-13 {
  font-size: 20px;
  -webkit-padding-start: var(--chakra-space-4);
  padding-inline-start: var(--chakra-space-4);
  -webkit-padding-end: var(--chakra-space-4);
  padding-inline-end: var(--chakra-space-4);
  height: 100%;
  border-radius: 0px;
  border: 1px solid;
  border-color: inherit;
  background: var(--chakra-colors-transparent);
  display: -webkit-box;
  display: -webkit-flex;
  display: -ms-flexbox;
  display: flex;
  -webkit-align-items: center;
  -webkit-box-align: center;
  -ms-flex-align: center;
  align-items: center;
  -webkit-box-pack: center;
  -ms-flex-pack: center;
  -webkit-justify-content: center;
  justify-content: center;
  border-width: 0;
  -webkit-transform: rotate(0deg);
  -moz-transform: rotate(0deg);
  -ms-transform: rotate(0deg);
  transform: rotate(0deg);
}

.emotion-14 {
  width: 1em;
  height: 1em;
  display: inline-block;
  line-height: 1em;
  -webkit-flex-shrink: 0;
  -ms-flex-negative: 0;
  flex-shrink: 0;
  color: currentColor;
  vertical-align: middle;
}

.emotion-31 {
  position: relative;
  cursor: not-allowed;
}

.emotion-34 {
  width: 100%;
  min-width: 0px;
  outline: 2px solid transparent;
  outline-offset: 2px;
  position: relative;
  -webkit-appearance: none;
  -moz-appearance: none;
  -ms-appearance: none;
  appearance: none;
  transition-property: var(--chakra-transition-property-common);
  transition-duration: var(--chakra-transition-duration-normal);
  font-size: 16px;
  -webkit-padding-start: var(--chakra-space-4);
  padding-inline-start: var(--chakra-space-4);
  -webkit-padding-end: var(--chakra-space-4);
  padding-inline-end: var(--chakra-space-4);
  height: auto;
  border-radius: 4px;
  border: 1px solid;
  border-color: var(--chakra-colors-brand-stroke);
  background: var(--chakra-colors-transparent);
  color: var(--chakra-colors-brand-ghostGray);
  border-width: 1px;
  border-style: solid;
  display: -webkit-box;
  display: -webkit-flex;
  display: -ms-flexbox;
  display: flex;
  padding: 0px;
  overflow: hidden;
  min-height: var(--chakra-sizes-10);
  pointer-events: none;
}

.emotion-34:disabled,
.emotion-34[disabled],
.emotion-34[aria-disabled=true],
.emotion-34[data-disabled] {
  opacity: 0.4;
  cursor: not-allowed;
}

.emotion-34:disabled:hover,
.emotion-34[disabled]:hover,
.emotion-34[aria-disabled=true]:hover,
.emotion-34[data-disabled]:hover,
.emotion-34:disabled[data-hover],
.emotion-34[disabled][data-hover],
.emotion-34[aria-disabled=true][data-hover],
.emotion-34[data-disabled][data-hover] {
  border-color: var(--chakra-colors-brand-stroke);
}

.emotion-34:hover,
.emotion-34[data-hover] {
  border-color: var(--chakra-colors-brand-lightGray);
}

.emotion-34[aria-readonly=true],
.emotion-34[readonly],
.emotion-34[data-readonly] {
  box-shadow: var(--chakra-shadows-none)!important;
  -webkit-user-select: all;
  -moz-user-select: all;
  -ms-user-select: all;
  user-select: all;
}

.emotion-34[aria-invalid=true],
.emotion-34[data-invalid] {
  border-color: #EF4523;
  box-shadow: 0 0 0 1px #EF4523;
}

.emotion-34:focus-visible,
.emotion-34[data-focus-visible] {
  z-index: 1;
  border-color: #646271;
  box-shadow: 0 0 0 1px #646271;
}

.emotion-34::-webkit-input-placeholder {
  color: var(--chakra-colors-brand-lightGray);
}

.emotion-34::-moz-placeholder {
  color: var(--chakra-colors-brand-lightGray);
}

.emotion-34:-ms-input-placeholder {
  color: var(--chakra-colors-brand-lightGray);
}

.emotion-34::placeholder {
  color: var(--chakra-colors-brand-lightGray);
}

<div>
  <div
    class="chakra-stack emotion-0"
  >
    <div
      class="chakra-form-control emotion-1"
      role="group"
    >
      <label
        class="chakra-form__label emotion-2"
        for="field-:r0:"
        id="field-:r0:-label"
      >
        Simple select
      </label>
      <div
        class=" emotion-3"
      >
        <span
          class="emotion-4"
          id="react-select-2-live-region"
        />
        <span
          aria-atomic="false"
          aria-live="polite"
          aria-relevant="additions text"
          class="emotion-4"
        />
        <div
          class=" emotion-6"
        >
          <div
            class=" emotion-7"
          >
            <div
              class=" emotion-8"
              id="react-select-2-placeholder"
            >
              Select...
            </div>
            <div
              class=" emotion-9"
              data-value=""
            >
              <input
                aria-autocomplete="list"
                aria-describedby="react-select-2-placeholder"
                aria-expanded="false"
                aria-haspopup="true"
                autocapitalize="none"
                autocomplete="off"
                autocorrect="off"
                class=" emotion-10"
                id="field-:r0:"
                role="combobox"
                spellcheck="false"
                tabindex="0"
                type="text"
                value=""
              />
            </div>
          </div>
          <div
            class=" emotion-11"
          >
            <hr
              aria-orientation="vertical"
              class="chakra-divider emotion-12"
            />
            <div
              aria-hidden="true"
              class=" emotion-13"
            >
              <svg
                class="chakra-icon emotion-14"
                focusable="false"
                viewBox="0 0 24 24"
              >
                <path
                  d="M16.59 8.59L12 13.17 7.41 8.59 6 10l6 6 6-6z"
                  fill="currentColor"
                />
              </svg>
            </div>
          </div>
        </div>
      </div>
    </div>
    <div
      class="chakra-form-control emotion-1"
      role="group"
    >
      <label
        class="chakra-form__label emotion-2"
        for="field-:r1:"
        id="field-:r1:-label"
      >
        Multi select
      </label>
      <div
        class=" emotion-3"
      >
        <span
          class="emotion-4"
          id="react-select-3-live-region"
        />
        <span
          aria-atomic="false"
          aria-live="polite"
          aria-relevant="additions text"
          class="emotion-4"
        />
        <div
          class=" emotion-6"
        >
          <div
            class=" emotion-7"
          >
            <div
              class=" emotion-8"
              id="react-select-3-placeholder"
            >
              Select...
            </div>
            <div
              class=" emotion-9"
              data-value=""
            >
              <input
                aria-autocomplete="list"
                aria-describedby="react-select-3-placeholder"
                aria-expanded="false"
                aria-haspopup="true"
                autocapitalize="none"
                autocomplete="off"
                autocorrect="off"
                class=" emotion-10"
                id="field-:r1:"
                role="combobox"
                spellcheck="false"
                tabindex="0"
                type="text"
                value=""
              />
            </div>
          </div>
          <div
            class=" emotion-11"
          >
            <hr
              aria-orientation="vertical"
              class="chakra-divider emotion-12"
            />
            <div
              aria-hidden="true"
              class=" emotion-13"
            >
              <svg
                class="chakra-icon emotion-14"
                focusable="false"
                viewBox="0 0 24 24"
              >
                <path
                  d="M16.59 8.59L12 13.17 7.41 8.59 6 10l6 6 6-6z"
                  fill="currentColor"
                />
              </svg>
            </div>
          </div>
        </div>
      </div>
    </div>
    <div
      class="chakra-form-control emotion-1"
      role="group"
    >
      <label
        class="chakra-form__label emotion-2"
        for="field-:r2:"
        id="field-:r2:-label"
      >
        Disabled select
      </label>
      <div
        class=" emotion-31"
      >
        <span
          class="emotion-4"
          id="react-select-4-live-region"
        />
        <span
          aria-atomic="false"
          aria-live="polite"
          aria-relevant="additions text"
          class="emotion-4"
        />
        <div
          class=" emotion-34"
          data-disabled="true"
        >
          <div
            class=" emotion-7"
          >
            <div
              class=" emotion-8"
              id="react-select-4-placeholder"
            >
              Select...
            </div>
            <div
              class=" emotion-9"
              data-value=""
            >
              <input
                aria-autocomplete="list"
                aria-describedby="react-select-4-placeholder"
                aria-expanded="false"
                aria-haspopup="true"
                autocapitalize="none"
                autocomplete="off"
                autocorrect="off"
                class=" emotion-10"
                disabled=""
                id="field-:r2:"
                role="combobox"
                spellcheck="false"
                tabindex="0"
                type="text"
                value=""
              />
            </div>
          </div>
          <div
            class=" emotion-11"
          >
            <hr
              aria-orientation="vertical"
              class="chakra-divider emotion-12"
            />
            <div
              aria-hidden="true"
              class=" emotion-13"
            >
              <svg
                class="chakra-icon emotion-14"
                focusable="false"
                viewBox="0 0 24 24"
              >
                <path
                  d="M16.59 8.59L12 13.17 7.41 8.59 6 10l6 6 6-6z"
                  fill="currentColor"
                />
              </svg>
            </div>
          </div>
        </div>
      </div>
    </div>
  </div>
  <span
    hidden=""
    id="__chakra_env"
  />
</div>
`;
