// Jest Snapshot v1, https://goo.gl/fbAQLP

exports[`Storyshots UI/Textarea Variants 1`] = `
.emotion-0 {
  display: -webkit-box;
  display: -webkit-flex;
  display: -ms-flexbox;
  display: flex;
  -webkit-flex-direction: column;
  -ms-flex-direction: column;
  flex-direction: column;
  width: 320px;
}

.emotion-0>*:not(style)~*:not(style) {
  margin-top: var(--chakra-space-5);
  -webkit-margin-end: 0px;
  margin-inline-end: 0px;
  margin-bottom: 0px;
  -webkit-margin-start: 0px;
  margin-inline-start: 0px;
}

.emotion-1 {
  width: 100%;
  min-width: 0px;
  outline: 2px solid transparent;
  outline-offset: 2px;
  position: relative;
  -webkit-appearance: none;
  -moz-appearance: none;
  -ms-appearance: none;
  appearance: none;
  transition-property: var(--chakra-transition-property-common);
  transition-duration: var(--chakra-transition-duration-normal);
  padding-top: var(--chakra-space-2);
  padding-bottom: var(--chakra-space-2);
  min-height: var(--chakra-sizes-20);
  line-height: var(--chakra-lineHeights-short);
  vertical-align: top;
  color: var(--chakra-colors-brand-ghostGray);
  font-size: var(--chakra-fontSizes-md);
  -webkit-padding-start: var(--chakra-space-4);
  padding-inline-start: var(--chakra-space-4);
  -webkit-padding-end: var(--chakra-space-4);
  padding-inline-end: var(--chakra-space-4);
  height: var(--chakra-sizes-10);
  border-radius: var(--chakra-radii-md);
  border-color: var(--chakra-colors-brand-stroke);
  background: inherit;
  border-width: 1px;
  border-style: solid;
}

.emotion-1:disabled,
.emotion-1[disabled],
.emotion-1[aria-disabled=true],
.emotion-1[data-disabled] {
  opacity: 0.4;
  cursor: not-allowed;
}

.emotion-1::-webkit-input-placeholder {
  color: var(--chakra-colors-brand-lightGray);
}

.emotion-1::-moz-placeholder {
  color: var(--chakra-colors-brand-lightGray);
}

.emotion-1:-ms-input-placeholder {
  color: var(--chakra-colors-brand-lightGray);
}

.emotion-1::placeholder {
  color: var(--chakra-colors-brand-lightGray);
}

.emotion-1:hover,
.emotion-1[data-hover] {
  border-color: var(--chakra-colors-brand-lightGray);
}

.emotion-1[aria-readonly=true],
.emotion-1[readonly],
.emotion-1[data-readonly] {
  box-shadow: var(--chakra-shadows-none)!important;
  -webkit-user-select: all;
  -moz-user-select: all;
  -ms-user-select: all;
  user-select: all;
}

.emotion-1[aria-invalid=true],
.emotion-1[data-invalid] {
  border-color: #EF4523;
  box-shadow: 0 0 0 1px #EF4523;
}

.emotion-1:focus-visible,
.emotion-1[data-focus-visible] {
  z-index: 1;
  box-shadow: 0 0 0 1px undefined;
}

.emotion-1:focus,
.emotion-1[data-focus] {
  border-color: var(--chakra-colors-brand-ghostGray);
}

<div>
  <div
    class="chakra-stack emotion-0"
  >
    <textarea
      class="chakra-textarea emotion-1"
      placeholder="Hello"
    />
    <textarea
      aria-invalid="true"
      class="chakra-textarea emotion-1"
      placeholder="Hello"
    />
    <textarea
      class="chakra-textarea emotion-1"
      disabled=""
      placeholder="Hello"
    />
  </div>
  <span
    hidden=""
    id="__chakra_env"
  />
</div>
`;
