// Jest Snapshot v1, https://goo.gl/fbAQLP

exports[`Storyshots UI/Buttons Variants 1`] = `
.emotion-0 {
  display: grid;
  grid-gap: var(--chakra-space-10);
  grid-template-columns: repeat(1, minmax(0, 1fr));
}

.emotion-1 {
  display: -webkit-inline-box;
  display: -webkit-inline-flex;
  display: -ms-inline-flexbox;
  display: inline-flex;
}

.emotion-1>*:not(style)~*:not(style) {
  -webkit-margin-start: 20px;
  margin-inline-start: 20px;
}

.emotion-2 {
  display: -webkit-inline-box;
  display: -webkit-inline-flex;
  display: -ms-inline-flexbox;
  display: inline-flex;
  -webkit-appearance: none;
  -moz-appearance: none;
  -ms-appearance: none;
  appearance: none;
  -webkit-align-items: center;
  -webkit-box-align: center;
  -ms-flex-align: center;
  align-items: center;
  -webkit-box-pack: center;
  -ms-flex-pack: center;
  -webkit-justify-content: center;
  justify-content: center;
  -webkit-user-select: none;
  -moz-user-select: none;
  -ms-user-select: none;
  user-select: none;
  position: relative;
  white-space: nowrap;
  vertical-align: middle;
  outline: 2px solid transparent;
  outline-offset: 2px;
  line-height: 16px;
  border-radius: 4px;
  font-weight: 500;
  transition-property: var(--chakra-transition-property-common);
  transition-duration: var(--chakra-transition-duration-normal);
  padding: 10px 14px;
  text-transform: uppercase;
  box-sizing: border-box;
  cursor: pointer;
  font-size: var(--chakra-fontSizes-md);
  background: var(--chakra-colors-brand-accentRed);
  height: var(--chakra-sizes-10);
  min-width: var(--chakra-sizes-10);
  -webkit-padding-start: var(--chakra-space-4);
  padding-inline-start: var(--chakra-space-4);
  -webkit-padding-end: var(--chakra-space-4);
  padding-inline-end: var(--chakra-space-4);
  color: var(--chakra-colors-white);
}

.emotion-2:focus-visible,
.emotion-2[data-focus-visible] {
  box-shadow: var(--chakra-shadows-outline);
}

.emotion-2:disabled,
.emotion-2[aria-disabled=true],
.emotion-2[data-disabled] {
  opacity: 0.4;
  cursor: not-allowed;
  box-shadow: 0 0 0 1px var(--chakra-colors-brand-stroke);
  background: var(--chakra-colors-brand-ghostWhite);
  color: var(--chakra-colors-brand-lightGray);
}

.emotion-2:disabled:active,
.emotion-2[aria-disabled=true]:active,
.emotion-2[data-disabled]:active,
.emotion-2:disabled[data-active],
.emotion-2[aria-disabled=true][data-active],
.emotion-2[data-disabled][data-active] {
  color: var(--chakra-colors-brand-lightGray);
}

.emotion-2:hover,
.emotion-2[data-hover] {
  background: var(--chakra-colors-brand-burntSienna);
}

.emotion-2:hover:disabled,
.emotion-2[data-hover]:disabled,
.emotion-2:hover[aria-disabled=true],
.emotion-2[data-hover][aria-disabled=true],
.emotion-2:hover[data-disabled],
.emotion-2[data-hover][data-disabled] {
  background: initial;
}

.emotion-2:active,
.emotion-2[data-active] {
  background: var(--chakra-colors-brand-crusta);
  color: var(--chakra-colors-brand-headline);
}

.emotion-2:focus,
.emotion-2[data-focus] {
  z-index: 1;
}

.emotion-5 {
  display: -webkit-inline-box;
  display: -webkit-inline-flex;
  display: -ms-inline-flexbox;
  display: inline-flex;
  -webkit-align-self: center;
  -ms-flex-item-align: center;
  align-self: center;
  -webkit-flex-shrink: 0;
  -ms-flex-negative: 0;
  flex-shrink: 0;
  -webkit-margin-end: 0.5rem;
  margin-inline-end: 0.5rem;
}

.emotion-9 {
  display: -webkit-inline-box;
  display: -webkit-inline-flex;
  display: -ms-inline-flexbox;
  display: inline-flex;
  -webkit-appearance: none;
  -moz-appearance: none;
  -ms-appearance: none;
  appearance: none;
  -webkit-align-items: center;
  -webkit-box-align: center;
  -ms-flex-align: center;
  align-items: center;
  -webkit-box-pack: center;
  -ms-flex-pack: center;
  -webkit-justify-content: center;
  justify-content: center;
  -webkit-user-select: none;
  -moz-user-select: none;
  -ms-user-select: none;
  user-select: none;
  position: relative;
  white-space: nowrap;
  vertical-align: middle;
  outline: 2px solid transparent;
  outline-offset: 2px;
  line-height: 16px;
  border-radius: 4px;
  font-weight: 500;
  transition-property: var(--chakra-transition-property-common);
  transition-duration: var(--chakra-transition-duration-normal);
  padding: 10px 14px;
  text-transform: uppercase;
  box-sizing: border-box;
  cursor: pointer;
  font-size: var(--chakra-fontSizes-md);
  background: var(--chakra-colors-transparent);
  height: var(--chakra-sizes-10);
  min-width: var(--chakra-sizes-10);
  -webkit-padding-start: var(--chakra-space-4);
  padding-inline-start: var(--chakra-space-4);
  -webkit-padding-end: var(--chakra-space-4);
  padding-inline-end: var(--chakra-space-4);
  color: var(--chakra-colors-brand-ghostGray);
}

.emotion-9:focus-visible,
.emotion-9[data-focus-visible] {
  box-shadow: var(--chakra-shadows-outline);
}

.emotion-9:disabled,
.emotion-9[aria-disabled=true],
.emotion-9[data-disabled] {
  opacity: 0.4;
  cursor: not-allowed;
  box-shadow: var(--chakra-shadows-none);
  color: var(--chakra-colors-brand-lightGray);
}

.emotion-9:disabled:hover,
.emotion-9[aria-disabled=true]:hover,
.emotion-9[data-disabled]:hover,
.emotion-9:disabled[data-hover],
.emotion-9[aria-disabled=true][data-hover],
.emotion-9[data-disabled][data-hover] {
  box-shadow: var(--chakra-shadows-none);
}

.emotion-9:disabled:active,
.emotion-9[aria-disabled=true]:active,
.emotion-9[data-disabled]:active,
.emotion-9:disabled[data-active],
.emotion-9[aria-disabled=true][data-active],
.emotion-9[data-disabled][data-active] {
  color: var(--chakra-colors-brand-lightGray);
}

.emotion-9:hover,
.emotion-9[data-hover] {
  box-shadow: 0 0 0 1px var(--chakra-colors-brand-stroke);
}

.emotion-9:hover:disabled,
.emotion-9[data-hover]:disabled,
.emotion-9:hover[aria-disabled=true],
.emotion-9[data-hover][aria-disabled=true],
.emotion-9:hover[data-disabled],
.emotion-9[data-hover][data-disabled] {
  background: initial;
}

.emotion-9:active,
.emotion-9[data-active] {
  color: var(--chakra-colors-brand-headline);
  box-shadow: 0 0 0 1px var(--chakra-colors-brand-headline);
}

.emotion-9:focus,
.emotion-9[data-focus] {
  z-index: 1;
}

.emotion-16 {
  display: -webkit-inline-box;
  display: -webkit-inline-flex;
  display: -ms-inline-flexbox;
  display: inline-flex;
  -webkit-appearance: none;
  -moz-appearance: none;
  -ms-appearance: none;
  appearance: none;
  -webkit-align-items: center;
  -webkit-box-align: center;
  -ms-flex-align: center;
  align-items: center;
  -webkit-box-pack: center;
  -ms-flex-pack: center;
  -webkit-justify-content: center;
  justify-content: center;
  -webkit-user-select: none;
  -moz-user-select: none;
  -ms-user-select: none;
  user-select: none;
  position: relative;
  white-space: nowrap;
  vertical-align: middle;
  outline: 2px solid transparent;
  outline-offset: 2px;
  line-height: 16px;
  border-radius: 4px;
  font-weight: 500;
  transition-property: var(--chakra-transition-property-common);
  transition-duration: var(--chakra-transition-duration-normal);
  padding: 10px 14px;
  text-transform: uppercase;
  box-sizing: border-box;
  cursor: pointer;
  font-size: var(--chakra-fontSizes-md);
  background: var(--chakra-colors-transparent);
  height: var(--chakra-sizes-10);
  min-width: var(--chakra-sizes-10);
  -webkit-padding-start: var(--chakra-space-4);
  padding-inline-start: var(--chakra-space-4);
  -webkit-padding-end: var(--chakra-space-4);
  padding-inline-end: var(--chakra-space-4);
  color: var(--chakra-colors-brand-accentRed);
}

.emotion-16:focus-visible,
.emotion-16[data-focus-visible] {
  box-shadow: var(--chakra-shadows-outline);
}

.emotion-16:disabled,
.emotion-16[aria-disabled=true],
.emotion-16[data-disabled] {
  opacity: 0.4;
  cursor: not-allowed;
  box-shadow: var(--chakra-shadows-none);
  color: var(--chakra-colors-brand-lightGray);
}

.emotion-16:disabled:hover,
.emotion-16[aria-disabled=true]:hover,
.emotion-16[data-disabled]:hover,
.emotion-16:disabled[data-hover],
.emotion-16[aria-disabled=true][data-hover],
.emotion-16[data-disabled][data-hover] {
  color: var(--chakra-colors-brand-lightGray);
}

.emotion-16:hover,
.emotion-16[data-hover] {
  color: var(--chakra-colors-brand-ghostGray);
}

.emotion-16:hover:disabled,
.emotion-16[data-hover]:disabled,
.emotion-16:hover[aria-disabled=true],
.emotion-16[data-hover][aria-disabled=true],
.emotion-16:hover[data-disabled],
.emotion-16[data-hover][data-disabled] {
  background: initial;
}

.emotion-16:active,
.emotion-16[data-active] {
  color: var(--chakra-colors-brand-headline);
}

.emotion-16:focus,
.emotion-16[data-focus] {
  z-index: 1;
}

.emotion-23 {
  display: -webkit-inline-box;
  display: -webkit-inline-flex;
  display: -ms-inline-flexbox;
  display: inline-flex;
  -webkit-appearance: none;
  -moz-appearance: none;
  -ms-appearance: none;
  appearance: none;
  -webkit-align-items: center;
  -webkit-box-align: center;
  -ms-flex-align: center;
  align-items: center;
  -webkit-box-pack: center;
  -ms-flex-pack: center;
  -webkit-justify-content: center;
  justify-content: center;
  -webkit-user-select: none;
  -moz-user-select: none;
  -ms-user-select: none;
  user-select: none;
  position: relative;
  white-space: nowrap;
  vertical-align: middle;
  outline: 2px solid transparent;
  outline-offset: 2px;
  line-height: 16px;
  border-radius: 4px;
  font-weight: 500;
  transition-property: var(--chakra-transition-property-common);
  transition-duration: var(--chakra-transition-duration-normal);
  padding: 10px 14px;
  text-transform: uppercase;
  box-sizing: border-box;
  cursor: pointer;
  font-size: var(--chakra-fontSizes-md);
  background: var(--chakra-colors-transparent);
  height: var(--chakra-sizes-10);
  min-width: var(--chakra-sizes-10);
  -webkit-padding-start: var(--chakra-space-4);
  padding-inline-start: var(--chakra-space-4);
  -webkit-padding-end: var(--chakra-space-4);
  padding-inline-end: var(--chakra-space-4);
  color: var(--chakra-colors-brand-accentRed);
  box-shadow: 0 0 0 1px var(--chakra-colors-brand-stroke);
}

.emotion-23:focus-visible,
.emotion-23[data-focus-visible] {
  box-shadow: var(--chakra-shadows-outline);
}

.emotion-23:disabled,
.emotion-23[aria-disabled=true],
.emotion-23[data-disabled] {
  opacity: 0.4;
  cursor: not-allowed;
  box-shadow: 0 0 0 1px var(--chakra-colors-brand-stroke);
  color: var(--chakra-colors-brand-lightGray);
}

.emotion-23:disabled:hover,
.emotion-23[aria-disabled=true]:hover,
.emotion-23[data-disabled]:hover,
.emotion-23:disabled[data-hover],
.emotion-23[aria-disabled=true][data-hover],
.emotion-23[data-disabled][data-hover] {
  box-shadow: 0 0 0 1px var(--chakra-colors-brand-stroke);
}

.emotion-23:disabled:active,
.emotion-23[aria-disabled=true]:active,
.emotion-23[data-disabled]:active,
.emotion-23:disabled[data-active],
.emotion-23[aria-disabled=true][data-active],
.emotion-23[data-disabled][data-active] {
  color: var(--chakra-colors-brand-lightGray);
}

.emotion-23:hover,
.emotion-23[data-hover] {
  box-shadow: 0 0 0 1px var(--chakra-colors-brand-darkGray);
}

.emotion-23:hover:disabled,
.emotion-23[data-hover]:disabled,
.emotion-23:hover[aria-disabled=true],
.emotion-23[data-hover][aria-disabled=true],
.emotion-23:hover[data-disabled],
.emotion-23[data-hover][data-disabled] {
  background: initial;
}

.emotion-23:active,
.emotion-23[data-active] {
  box-shadow: 0 0 0 1px var(--chakra-colors-brand-ghostGray);
  color: var(--chakra-colors-brand-headline);
}

.emotion-23:focus,
.emotion-23[data-focus] {
  z-index: 1;
}

<div>
  <div
    class="emotion-0"
  >
    <div
      class="chakra-button__group emotion-1"
      role="group"
    >
      <button
        class="chakra-button emotion-2"
        type="button"
      >
        button
      </button>
      <button
        class="chakra-button emotion-2"
        disabled=""
        type="button"
      >
        button disabled
      </button>
      <button
        class="chakra-button emotion-2"
        type="button"
      >
        <span
          class="chakra-button__icon emotion-5"
        >
          <svg
            aria-hidden="true"
            fill="currentColor"
            focusable="false"
            height="26px"
            stroke="currentColor"
            stroke-width="0"
            viewBox="0 0 24 24"
            width="26px"
            xmlns="http://www.w3.org/2000/svg"
          >
            <path
              d="M0 0h24v24H0z"
              fill="none"
            />
            <path
              d="M19 13h-6v6h-2v-6H5v-2h6V5h2v6h6v2z"
            />
          </svg>
        </span>
        button with icon
      </button>
      <button
        class="chakra-button emotion-2"
        disabled=""
        type="button"
      >
        <span
          class="chakra-button__icon emotion-5"
        >
          <svg
            aria-hidden="true"
            fill="currentColor"
            focusable="false"
            height="26px"
            stroke="currentColor"
            stroke-width="0"
            viewBox="0 0 24 24"
            width="26px"
            xmlns="http://www.w3.org/2000/svg"
          >
            <path
              d="M0 0h24v24H0z"
              fill="none"
            />
            <path
              d="M19 13h-6v6h-2v-6H5v-2h6V5h2v6h6v2z"
            />
          </svg>
        </span>
        button with icon disabled
      </button>
    </div>
    <div
      class="chakra-button__group emotion-1"
      role="group"
    >
      <button
        class="chakra-button emotion-9"
        type="button"
      >
        button
      </button>
      <button
        class="chakra-button emotion-9"
        disabled=""
        type="button"
      >
        button disabled
      </button>
      <button
        class="chakra-button emotion-9"
        type="button"
      >
        <span
          class="chakra-button__icon emotion-5"
        >
          <svg
            aria-hidden="true"
            fill="currentColor"
            focusable="false"
            height="26px"
            stroke="currentColor"
            stroke-width="0"
            viewBox="0 0 24 24"
            width="26px"
            xmlns="http://www.w3.org/2000/svg"
          >
            <path
              d="M0 0h24v24H0z"
              fill="none"
            />
            <path
              d="M19 13h-6v6h-2v-6H5v-2h6V5h2v6h6v2z"
            />
          </svg>
        </span>
        button with icon
      </button>
      <button
        class="chakra-button emotion-9"
        disabled=""
        type="button"
      >
        <span
          class="chakra-button__icon emotion-5"
        >
          <svg
            aria-hidden="true"
            fill="currentColor"
            focusable="false"
            height="26px"
            stroke="currentColor"
            stroke-width="0"
            viewBox="0 0 24 24"
            width="26px"
            xmlns="http://www.w3.org/2000/svg"
          >
            <path
              d="M0 0h24v24H0z"
              fill="none"
            />
            <path
              d="M19 13h-6v6h-2v-6H5v-2h6V5h2v6h6v2z"
            />
          </svg>
        </span>
        button with icon disabled
      </button>
    </div>
    <div
      class="chakra-button__group emotion-1"
      role="group"
    >
      <button
        class="chakra-button emotion-16"
        type="button"
      >
        button
      </button>
      <button
        class="chakra-button emotion-16"
        disabled=""
        type="button"
      >
        button disabled
      </button>
      <button
        class="chakra-button emotion-16"
        type="button"
      >
        <span
          class="chakra-button__icon emotion-5"
        >
          <svg
            aria-hidden="true"
            fill="currentColor"
            focusable="false"
            height="26px"
            stroke="currentColor"
            stroke-width="0"
            viewBox="0 0 24 24"
            width="26px"
            xmlns="http://www.w3.org/2000/svg"
          >
            <path
              d="M0 0h24v24H0z"
              fill="none"
            />
            <path
              d="M19 13h-6v6h-2v-6H5v-2h6V5h2v6h6v2z"
            />
          </svg>
        </span>
        button with icon
      </button>
      <button
        class="chakra-button emotion-16"
        disabled=""
        type="button"
      >
        <span
          class="chakra-button__icon emotion-5"
        >
          <svg
            aria-hidden="true"
            fill="currentColor"
            focusable="false"
            height="26px"
            stroke="currentColor"
            stroke-width="0"
            viewBox="0 0 24 24"
            width="26px"
            xmlns="http://www.w3.org/2000/svg"
          >
            <path
              d="M0 0h24v24H0z"
              fill="none"
            />
            <path
              d="M19 13h-6v6h-2v-6H5v-2h6V5h2v6h6v2z"
            />
          </svg>
        </span>
        button with icon disabled
      </button>
    </div>
    <div
      class="chakra-button__group emotion-1"
      role="group"
    >
      <button
        class="chakra-button emotion-23"
        type="button"
      >
        button
      </button>
      <button
        class="chakra-button emotion-23"
        disabled=""
        type="button"
      >
        button disabled
      </button>
      <button
        class="chakra-button emotion-23"
        type="button"
      >
        <span
          class="chakra-button__icon emotion-5"
        >
          <svg
            aria-hidden="true"
            fill="currentColor"
            focusable="false"
            height="26px"
            stroke="currentColor"
            stroke-width="0"
            viewBox="0 0 24 24"
            width="26px"
            xmlns="http://www.w3.org/2000/svg"
          >
            <path
              d="M0 0h24v24H0z"
              fill="none"
            />
            <path
              d="M19 13h-6v6h-2v-6H5v-2h6V5h2v6h6v2z"
            />
          </svg>
        </span>
        button with icon
      </button>
      <button
        class="chakra-button emotion-23"
        disabled=""
        type="button"
      >
        <span
          class="chakra-button__icon emotion-5"
        >
          <svg
            aria-hidden="true"
            fill="currentColor"
            focusable="false"
            height="26px"
            stroke="currentColor"
            stroke-width="0"
            viewBox="0 0 24 24"
            width="26px"
            xmlns="http://www.w3.org/2000/svg"
          >
            <path
              d="M0 0h24v24H0z"
              fill="none"
            />
            <path
              d="M19 13h-6v6h-2v-6H5v-2h6V5h2v6h6v2z"
            />
          </svg>
        </span>
        button with icon disabled
      </button>
    </div>
  </div>
  <span
    hidden=""
    id="__chakra_env"
  />
</div>
`;
