// Jest Snapshot v1, https://goo.gl/fbAQLP

exports[`Storyshots UI/Inputs Variants 1`] = `
.emotion-0 {
  display: -webkit-box;
  display: -webkit-flex;
  display: -ms-flexbox;
  display: flex;
  -webkit-flex-direction: column;
  -ms-flex-direction: column;
  flex-direction: column;
  width: 320px;
}

.emotion-0>*:not(style)~*:not(style) {
  margin-top: var(--chakra-space-5);
  -webkit-margin-end: 0px;
  margin-inline-end: 0px;
  margin-bottom: 0px;
  -webkit-margin-start: 0px;
  margin-inline-start: 0px;
}

.emotion-1 {
  width: 100%;
  min-width: 0px;
  outline: 2px solid transparent;
  outline-offset: 2px;
  position: relative;
  -webkit-appearance: none;
  -moz-appearance: none;
  -ms-appearance: none;
  appearance: none;
  transition-property: var(--chakra-transition-property-common);
  transition-duration: var(--chakra-transition-duration-normal);
  font-weight: 400;
  line-height: 120%;
  font-size: var(--chakra-fontSizes-md);
  background: inherit;
  border-radius: var(--chakra-radii-md);
  border: 1px solid;
  color: var(--chakra-colors-brand-ghostGray);
  -webkit-padding-start: var(--chakra-space-4);
  padding-inline-start: var(--chakra-space-4);
  -webkit-padding-end: var(--chakra-space-4);
  padding-inline-end: var(--chakra-space-4);
  height: var(--chakra-sizes-10);
  border-color: inherit;
}

.emotion-1:disabled,
.emotion-1[aria-disabled=true],
.emotion-1[data-disabled] {
  opacity: 0.4;
  cursor: not-allowed;
}

.emotion-1:hover,
.emotion-1[data-hover] {
  border-color: var(--chakra-colors-gray-300);
}

.emotion-1::-webkit-input-placeholder {
  color: var(--chakra-colors-brand-lightGray);
}

.emotion-1::-moz-placeholder {
  color: var(--chakra-colors-brand-lightGray);
}

.emotion-1:-ms-input-placeholder {
  color: var(--chakra-colors-brand-lightGray);
}

.emotion-1::placeholder {
  color: var(--chakra-colors-brand-lightGray);
}

.emotion-1[aria-readonly=true],
.emotion-1[readonly],
.emotion-1[data-readonly] {
  box-shadow: var(--chakra-shadows-none)!important;
  -webkit-user-select: all;
  -moz-user-select: all;
  -ms-user-select: all;
  user-select: all;
}

.emotion-1[aria-invalid=true],
.emotion-1[data-invalid] {
  border-color: #EF4523;
  box-shadow: 0 0 0 1px #EF4523;
}

.emotion-1:focus-visible,
.emotion-1[data-focus-visible] {
  z-index: 1;
  border-color: #646271;
  box-shadow: 0 0 0 1px #646271;
}

.emotion-4 {
  width: 100%;
  display: -webkit-box;
  display: -webkit-flex;
  display: -ms-flexbox;
  display: flex;
  position: relative;
}

.emotion-5 {
  left: 0;
  width: var(--chakra-sizes-10);
  height: var(--chakra-sizes-10);
  font-size: var(--chakra-fontSizes-md);
  display: -webkit-box;
  display: -webkit-flex;
  display: -ms-flexbox;
  display: flex;
  -webkit-align-items: center;
  -webkit-box-align: center;
  -ms-flex-align: center;
  align-items: center;
  -webkit-box-pack: center;
  -ms-flex-pack: center;
  -webkit-justify-content: center;
  justify-content: center;
  position: absolute;
  top: 0px;
  z-index: 2;
  pointer-events: none;
  color: var(--chakra-colors-brand-lightGray);
}

.emotion-6 {
  width: 100%;
  min-width: 0px;
  outline: 2px solid transparent;
  outline-offset: 2px;
  position: relative;
  -webkit-appearance: none;
  -moz-appearance: none;
  -ms-appearance: none;
  appearance: none;
  transition-property: var(--chakra-transition-property-common);
  transition-duration: var(--chakra-transition-duration-normal);
  font-weight: 400;
  line-height: 120%;
  font-size: var(--chakra-fontSizes-md);
  background: inherit;
  border-radius: var(--chakra-radii-md);
  border: 1px solid;
  color: var(--chakra-colors-brand-ghostGray);
  -webkit-padding-start: var(--chakra-space-10);
  padding-inline-start: var(--chakra-space-10);
  -webkit-padding-end: var(--chakra-space-4);
  padding-inline-end: var(--chakra-space-4);
  height: var(--chakra-sizes-10);
  border-color: inherit;
}

.emotion-6:disabled,
.emotion-6[aria-disabled=true],
.emotion-6[data-disabled] {
  opacity: 0.4;
  cursor: not-allowed;
}

.emotion-6:hover,
.emotion-6[data-hover] {
  border-color: var(--chakra-colors-gray-300);
}

.emotion-6::-webkit-input-placeholder {
  color: var(--chakra-colors-brand-lightGray);
}

.emotion-6::-moz-placeholder {
  color: var(--chakra-colors-brand-lightGray);
}

.emotion-6:-ms-input-placeholder {
  color: var(--chakra-colors-brand-lightGray);
}

.emotion-6::placeholder {
  color: var(--chakra-colors-brand-lightGray);
}

.emotion-6[aria-readonly=true],
.emotion-6[readonly],
.emotion-6[data-readonly] {
  box-shadow: var(--chakra-shadows-none)!important;
  -webkit-user-select: all;
  -moz-user-select: all;
  -ms-user-select: all;
  user-select: all;
}

.emotion-6[aria-invalid=true],
.emotion-6[data-invalid] {
  border-color: #EF4523;
  box-shadow: 0 0 0 1px #EF4523;
}

.emotion-6:focus-visible,
.emotion-6[data-focus-visible] {
  z-index: 1;
  border-color: #646271;
  box-shadow: 0 0 0 1px #646271;
}

<div>
  <div
    class="chakra-stack emotion-0"
  >
    <input
      class="chakra-input emotion-1"
      placeholder="Enter text"
    />
    <input
      aria-invalid="true"
      class="chakra-input emotion-1"
      placeholder="Enter text"
    />
    <input
      class="chakra-input emotion-1"
      disabled=""
      placeholder="Enter text"
    />
    <div
      class="chakra-input__group emotion-4"
    >
      <div
        class="chakra-input__left-element emotion-5"
      >
        <svg
          fill="currentColor"
          height="20px"
          stroke="currentColor"
          stroke-width="0"
          viewBox="0 0 24 24"
          width="20px"
          xmlns="http://www.w3.org/2000/svg"
        >
          <path
            d="M0 0h24v24H0z"
            fill="none"
          />
          <path
            d="M15.5 14h-.79l-.28-.27A6.471 6.471 0 0016 9.5 6.5 6.5 0 109.5 16c1.61 0 3.09-.59 4.23-1.57l.27.28v.79l5 4.99L20.49 19l-4.99-5zm-6 0C7.01 14 5 11.99 5 9.5S7.01 5 9.5 5 14 7.01 14 9.5 11.99 14 9.5 14z"
          />
        </svg>
      </div>
      <input
        class="chakra-input emotion-6"
        placeholder="Enter text"
      />
    </div>
    <div
      class="chakra-input__group emotion-4"
    >
      <div
        class="chakra-input__left-element emotion-5"
      >
        <svg
          fill="currentColor"
          height="20px"
          stroke="currentColor"
          stroke-width="0"
          viewBox="0 0 24 24"
          width="20px"
          xmlns="http://www.w3.org/2000/svg"
        >
          <path
            d="M0 0h24v24H0z"
            fill="none"
          />
          <path
            d="M15.5 14h-.79l-.28-.27A6.471 6.471 0 0016 9.5 6.5 6.5 0 109.5 16c1.61 0 3.09-.59 4.23-1.57l.27.28v.79l5 4.99L20.49 19l-4.99-5zm-6 0C7.01 14 5 11.99 5 9.5S7.01 5 9.5 5 14 7.01 14 9.5 11.99 14 9.5 14z"
          />
        </svg>
      </div>
      <input
        class="chakra-input emotion-6"
        disabled=""
        placeholder="Enter text"
      />
    </div>
  </div>
  <span
    hidden=""
    id="__chakra_env"
  />
</div>
`;
