// Jest Snapshot v1, https://goo.gl/fbAQLP

exports[`Storyshots UI/Toast Variants 1`] = `
.emotion-0 {
  display: -webkit-box;
  display: -webkit-flex;
  display: -ms-flexbox;
  display: flex;
  -webkit-flex-direction: column;
  -ms-flex-direction: column;
  flex-direction: column;
  width: 300px;
}

.emotion-0>*:not(style)~*:not(style) {
  margin-top: 0.5rem;
  -webkit-margin-end: 0px;
  margin-inline-end: 0px;
  margin-bottom: 0px;
  -webkit-margin-start: 0px;
  margin-inline-start: 0px;
}

.emotion-1 {
  display: -webkit-inline-box;
  display: -webkit-inline-flex;
  display: -ms-inline-flexbox;
  display: inline-flex;
  -webkit-appearance: none;
  -moz-appearance: none;
  -ms-appearance: none;
  appearance: none;
  -webkit-align-items: center;
  -webkit-box-align: center;
  -ms-flex-align: center;
  align-items: center;
  -webkit-box-pack: center;
  -ms-flex-pack: center;
  -webkit-justify-content: center;
  justify-content: center;
  -webkit-user-select: none;
  -moz-user-select: none;
  -ms-user-select: none;
  user-select: none;
  position: relative;
  white-space: nowrap;
  vertical-align: middle;
  outline: 2px solid transparent;
  outline-offset: 2px;
  line-height: 16px;
  border-radius: 4px;
  font-weight: 500;
  transition-property: var(--chakra-transition-property-common);
  transition-duration: var(--chakra-transition-duration-normal);
  padding: 10px 14px;
  text-transform: uppercase;
  box-sizing: border-box;
  cursor: pointer;
  font-size: var(--chakra-fontSizes-md);
  background: var(--chakra-colors-brand-accentRed);
  height: var(--chakra-sizes-10);
  min-width: var(--chakra-sizes-10);
  -webkit-padding-start: var(--chakra-space-4);
  padding-inline-start: var(--chakra-space-4);
  -webkit-padding-end: var(--chakra-space-4);
  padding-inline-end: var(--chakra-space-4);
  color: var(--chakra-colors-white);
}

.emotion-1:focus-visible,
.emotion-1[data-focus-visible] {
  box-shadow: var(--chakra-shadows-outline);
}

.emotion-1:disabled,
.emotion-1[disabled],
.emotion-1[aria-disabled=true],
.emotion-1[data-disabled] {
  opacity: 0.4;
  cursor: not-allowed;
  box-shadow: 0 0 0 1px var(--chakra-colors-brand-stroke);
  background: var(--chakra-colors-brand-ghostWhite);
  color: var(--chakra-colors-brand-lightGray);
}

.emotion-1:disabled:active,
.emotion-1[disabled]:active,
.emotion-1[aria-disabled=true]:active,
.emotion-1[data-disabled]:active,
.emotion-1:disabled[data-active],
.emotion-1[disabled][data-active],
.emotion-1[aria-disabled=true][data-active],
.emotion-1[data-disabled][data-active] {
  color: var(--chakra-colors-brand-lightGray);
}

.emotion-1:hover,
.emotion-1[data-hover] {
  background: var(--chakra-colors-brand-burntSienna);
}

.emotion-1:hover:disabled,
.emotion-1[data-hover]:disabled,
.emotion-1:hover[disabled],
.emotion-1[data-hover][disabled],
.emotion-1:hover[aria-disabled=true],
.emotion-1[data-hover][aria-disabled=true],
.emotion-1:hover[data-disabled],
.emotion-1[data-hover][data-disabled] {
  background: initial;
}

.emotion-1:active,
.emotion-1[data-active] {
  background: var(--chakra-colors-brand-crusta);
  color: var(--chakra-colors-brand-headline);
}

<div>
  <div
    class="chakra-stack emotion-0"
  >
    <button
      class="chakra-button emotion-1"
      type="button"
    >
      Toast
    </button>
    <button
      class="chakra-button emotion-1"
      type="button"
    >
      Error toast
    </button>
  </div>
  <span
    hidden=""
    id="__chakra_env"
  />
</div>
`;
